Archive member included to satisfy reference by file (symbol)

c:/st/stm32cubeide_1.7.0/stm32cubeide/plugins/com.st.stm32cube.ide.mcu.externaltools.gnu-tools-for-stm32.9-2020-q2-update.win32_2.0.0.202105311346/tools/bin/../lib/gcc/arm-none-eabi/9.3.1/../../../../arm-none-eabi/lib/thumb/v7e-m+dp/hard\libc_nano.a(lib_a-errno.o)
                              ./Core/Src/syscalls.o (__errno)
c:/st/stm32cubeide_1.7.0/stm32cubeide/plugins/com.st.stm32cube.ide.mcu.externaltools.gnu-tools-for-stm32.9-2020-q2-update.win32_2.0.0.202105311346/tools/bin/../lib/gcc/arm-none-eabi/9.3.1/../../../../arm-none-eabi/lib/thumb/v7e-m+dp/hard\libc_nano.a(lib_a-exit.o)
                              c:/st/stm32cubeide_1.7.0/stm32cubeide/plugins/com.st.stm32cube.ide.mcu.externaltools.gnu-tools-for-stm32.9-2020-q2-update.win32_2.0.0.202105311346/tools/bin/../lib/gcc/arm-none-eabi/9.3.1/../../../../arm-none-eabi/lib/thumb/v7e-m+dp/hard/crt0.o (exit)
c:/st/stm32cubeide_1.7.0/stm32cubeide/plugins/com.st.stm32cube.ide.mcu.externaltools.gnu-tools-for-stm32.9-2020-q2-update.win32_2.0.0.202105311346/tools/bin/../lib/gcc/arm-none-eabi/9.3.1/../../../../arm-none-eabi/lib/thumb/v7e-m+dp/hard\libc_nano.a(lib_a-impure.o)
                              c:/st/stm32cubeide_1.7.0/stm32cubeide/plugins/com.st.stm32cube.ide.mcu.externaltools.gnu-tools-for-stm32.9-2020-q2-update.win32_2.0.0.202105311346/tools/bin/../lib/gcc/arm-none-eabi/9.3.1/../../../../arm-none-eabi/lib/thumb/v7e-m+dp/hard\libc_nano.a(lib_a-exit.o) (_global_impure_ptr)
c:/st/stm32cubeide_1.7.0/stm32cubeide/plugins/com.st.stm32cube.ide.mcu.externaltools.gnu-tools-for-stm32.9-2020-q2-update.win32_2.0.0.202105311346/tools/bin/../lib/gcc/arm-none-eabi/9.3.1/../../../../arm-none-eabi/lib/thumb/v7e-m+dp/hard\libc_nano.a(lib_a-init.o)
                              c:/st/stm32cubeide_1.7.0/stm32cubeide/plugins/com.st.stm32cube.ide.mcu.externaltools.gnu-tools-for-stm32.9-2020-q2-update.win32_2.0.0.202105311346/tools/bin/../lib/gcc/arm-none-eabi/9.3.1/../../../../arm-none-eabi/lib/thumb/v7e-m+dp/hard/crt0.o (__libc_init_array)
c:/st/stm32cubeide_1.7.0/stm32cubeide/plugins/com.st.stm32cube.ide.mcu.externaltools.gnu-tools-for-stm32.9-2020-q2-update.win32_2.0.0.202105311346/tools/bin/../lib/gcc/arm-none-eabi/9.3.1/../../../../arm-none-eabi/lib/thumb/v7e-m+dp/hard\libc_nano.a(lib_a-malloc.o)
                              ./Core/Src/MatrixLibray.o (malloc)
c:/st/stm32cubeide_1.7.0/stm32cubeide/plugins/com.st.stm32cube.ide.mcu.externaltools.gnu-tools-for-stm32.9-2020-q2-update.win32_2.0.0.202105311346/tools/bin/../lib/gcc/arm-none-eabi/9.3.1/../../../../arm-none-eabi/lib/thumb/v7e-m+dp/hard\libc_nano.a(lib_a-memset.o)
                              c:/st/stm32cubeide_1.7.0/stm32cubeide/plugins/com.st.stm32cube.ide.mcu.externaltools.gnu-tools-for-stm32.9-2020-q2-update.win32_2.0.0.202105311346/tools/bin/../lib/gcc/arm-none-eabi/9.3.1/../../../../arm-none-eabi/lib/thumb/v7e-m+dp/hard/crt0.o (memset)
c:/st/stm32cubeide_1.7.0/stm32cubeide/plugins/com.st.stm32cube.ide.mcu.externaltools.gnu-tools-for-stm32.9-2020-q2-update.win32_2.0.0.202105311346/tools/bin/../lib/gcc/arm-none-eabi/9.3.1/../../../../arm-none-eabi/lib/thumb/v7e-m+dp/hard\libc_nano.a(lib_a-nano-freer.o)
                              c:/st/stm32cubeide_1.7.0/stm32cubeide/plugins/com.st.stm32cube.ide.mcu.externaltools.gnu-tools-for-stm32.9-2020-q2-update.win32_2.0.0.202105311346/tools/bin/../lib/gcc/arm-none-eabi/9.3.1/../../../../arm-none-eabi/lib/thumb/v7e-m+dp/hard\libc_nano.a(lib_a-malloc.o) (_free_r)
c:/st/stm32cubeide_1.7.0/stm32cubeide/plugins/com.st.stm32cube.ide.mcu.externaltools.gnu-tools-for-stm32.9-2020-q2-update.win32_2.0.0.202105311346/tools/bin/../lib/gcc/arm-none-eabi/9.3.1/../../../../arm-none-eabi/lib/thumb/v7e-m+dp/hard\libc_nano.a(lib_a-nano-mallocr.o)
                              c:/st/stm32cubeide_1.7.0/stm32cubeide/plugins/com.st.stm32cube.ide.mcu.externaltools.gnu-tools-for-stm32.9-2020-q2-update.win32_2.0.0.202105311346/tools/bin/../lib/gcc/arm-none-eabi/9.3.1/../../../../arm-none-eabi/lib/thumb/v7e-m+dp/hard\libc_nano.a(lib_a-malloc.o) (_malloc_r)
c:/st/stm32cubeide_1.7.0/stm32cubeide/plugins/com.st.stm32cube.ide.mcu.externaltools.gnu-tools-for-stm32.9-2020-q2-update.win32_2.0.0.202105311346/tools/bin/../lib/gcc/arm-none-eabi/9.3.1/../../../../arm-none-eabi/lib/thumb/v7e-m+dp/hard\libc_nano.a(lib_a-nano-vfprintf_float.o)
                              (_printf_float)
c:/st/stm32cubeide_1.7.0/stm32cubeide/plugins/com.st.stm32cube.ide.mcu.externaltools.gnu-tools-for-stm32.9-2020-q2-update.win32_2.0.0.202105311346/tools/bin/../lib/gcc/arm-none-eabi/9.3.1/../../../../arm-none-eabi/lib/thumb/v7e-m+dp/hard\libc_nano.a(lib_a-nano-vfprintf_i.o)
[...]
Memory Configuration

Name             Origin             Length             Attributes
RAM_D1           0x0000000024000000 0x0000000000080000 xrw
FLASH            0x0000000008000000 0x0000000000100000 xr
DTCMRAM          0x0000000020000000 0x0000000000020000 xrw
RAM_D2           0x0000000030000000 0x0000000000048000 xrw
RAM_D3           0x0000000038000000 0x0000000000010000 xrw
ITCMRAM          0x0000000000000000 0x0000000000010000 xrw
*default*        0x0000000000000000 0xffffffffffffffff

Linker script and memory map

LOAD c:/st/stm32cubeide_1.7.0/stm32cubeide/plugins/com.st.stm32cube.ide.mcu.externaltools.gnu-tools-for-stm32.9-2020-q2-update.win32_2.0.0.202105311346/tools/bin/../lib/gcc/arm-none-eabi/9.3.1/thumb/v7e-m+dp/hard/crti.o
LOAD c:/st/stm32cubeide_1.7.0/stm32cubeide/plugins/com.st.stm32cube.ide.mcu.externaltools.gnu-tools-for-stm32.9-2020-q2-update.win32_2.0.0.202105311346/tools/bin/../lib/gcc/arm-none-eabi/9.3.1/thumb/v7e-m+dp/hard/crtbegin.o
LOAD c:/st/stm32cubeide_1.7.0/stm32cubeide/plugins/com.st.stm32cube.ide.mcu.externaltools.gnu-tools-for-stm32.9-2020-q2-update.win32_2.0.0.202105311346/tools/bin/../lib/gcc/arm-none-eabi/9.3.1/../../../../arm-none-eabi/lib/thumb/v7e-m+dp/hard/crt0.o
LOAD ./Common/Src/system_stm32h7xx_dualcore_boot_cm4_cm7.o
LOAD ./Core/Src/MatrixLibray.o
LOAD ./Core/Src/MatrixStuff.o
LOAD ./Core/Src/eth.o
LOAD ./Core/Src/getcoef.o
LOAD ./Core/Src/gpio.o
LOAD ./Core/Src/invsM.o
LOAD ./Core/Src/main.o
LOAD ./Core/Src/stm32h7xx_hal_msp.o
LOAD ./Core/Src/stm32h7xx_it.o
LOAD ./Core/Src/syscalls.o
LOAD ./Core/Src/sysmem.o
LOAD ./Core/Src/tim.o
LOAD ./Core/Src/usart.o
LOAD ./Core/Src/usb_otg.o
LOAD ./Core/Startup/startup_stm32h745zitx.o
LOAD ./Drivers/STM32H7xx_HAL_Driver/stm32h7xx_hal.o
LOAD ./Drivers/STM32H7xx_HAL_Driver/stm32h7xx_hal_cortex.o
LOAD ./Drivers/STM32H7xx_HAL_Driver/stm32h7xx_hal_dma.o
LOAD ./Drivers/STM32H7xx_HAL_Driver/stm32h7xx_hal_dma_ex.o
LOAD ./Drivers/STM32H7xx_HAL_Driver/stm32h7xx_hal_eth.o
LOAD ./Drivers/STM32H7xx_HAL_Driver/stm32h7xx_hal_eth_ex.o
LOAD ./Drivers/STM32H7xx_HAL_Driver/stm32h7xx_hal_exti.o
LOAD ./Drivers/STM32H7xx_HAL_Driver/stm32h7xx_hal_flash.o
LOAD ./Drivers/STM32H7xx_HAL_Driver/stm32h7xx_hal_flash_ex.o
LOAD ./Drivers/STM32H7xx_HAL_Driver/stm32h7xx_hal_gpio.o
LOAD ./Drivers/STM32H7xx_HAL_Driver/stm32h7xx_hal_hsem.o
LOAD ./Drivers/STM32H7xx_HAL_Driver/stm32h7xx_hal_i2c.o
LOAD ./Drivers/STM32H7xx_HAL_Driver/stm32h7xx_hal_i2c_ex.o
LOAD ./Drivers/STM32H7xx_HAL_Driver/stm32h7xx_hal_mdma.o
LOAD ./Drivers/STM32H7xx_HAL_Driver/stm32h7xx_hal_pcd.o
LOAD ./Drivers/STM32H7xx_HAL_Driver/stm32h7xx_hal_pcd_ex.o
LOAD ./Drivers/STM32H7xx_HAL_Driver/stm32h7xx_hal_pwr.o
LOAD ./Drivers/STM32H7xx_HAL_Driver/stm32h7xx_hal_pwr_ex.o
LOAD ./Drivers/STM32H7xx_HAL_Driver/stm32h7xx_hal_rcc.o
LOAD ./Drivers/STM32H7xx_HAL_Driver/stm32h7xx_hal_rcc_ex.o
LOAD ./Drivers/STM32H7xx_HAL_Driver/stm32h7xx_hal_tim.o
LOAD ./Drivers/STM32H7xx_HAL_Driver/stm32h7xx_hal_tim_ex.o
LOAD ./Drivers/STM32H7xx_HAL_Driver/stm32h7xx_hal_uart.o
LOAD ./Drivers/STM32H7xx_HAL_Driver/stm32h7xx_hal_uart_ex.o
LOAD ./Drivers/STM32H7xx_HAL_Driver/stm32h7xx_ll_usb.o
START GROUP
LOAD c:/st/stm32cubeide_1.7.0/stm32cubeide/plugins/com.st.stm32cube.ide.mcu.externaltools.gnu-tools-for-stm32.9-2020-q2-update.win32_2.0.0.202105311346/tools/bin/../lib/gcc/arm-none-eabi/9.3.1/../../../../arm-none-eabi/lib/thumb/v7e-m+dp/hard\libc_nano.a
LOAD c:/st/stm32cubeide_1.7.0/stm32cubeide/plugins/com.st.stm32cube.ide.mcu.externaltools.gnu-tools-for-stm32.9-2020-q2-update.win32_2.0.0.202105311346/tools/bin/../lib/gcc/arm-none-eabi/9.3.1/../../../../arm-none-eabi/lib/thumb/v7e-m+dp/hard\libm.a
END GROUP
START GROUP
LOAD c:/st/stm32cubeide_1.7.0/stm32cubeide/plugins/com.st.stm32cube.ide.mcu.externaltools.gnu-tools-for-stm32.9-2020-q2-update.win32_2.0.0.202105311346/tools/bin/../lib/gcc/arm-none-eabi/9.3.1/thumb/v7e-m+dp/hard\libgcc.a
LOAD c:/st/stm32cubeide_1.7.0/stm32cubeide/plugins/com.st.stm32cube.ide.mcu.externaltools.gnu-tools-for-stm32.9-2020-q2-update.win32_2.0.0.202105311346/tools/bin/../lib/gcc/arm-none-eabi/9.3.1/../../../../arm-none-eabi/lib/thumb/v7e-m+dp/hard\libc_nano.a
END GROUP
START GROUP
LOAD c:/st/stm32cubeide_1.7.0/stm32cubeide/plugins/com.st.stm32cube.ide.mcu.externaltools.gnu-tools-for-stm32.9-2020-q2-update.win32_2.0.0.202105311346/tools/bin/../lib/gcc/arm-none-eabi/9.3.1/thumb/v7e-m+dp/hard\libgcc.a
LOAD c:/st/stm32cubeide_1.7.0/stm32cubeide/plugins/com.st.stm32cube.ide.mcu.externaltools.gnu-tools-for-stm32.9-2020-q2-update.win32_2.0.0.202105311346/tools/bin/../lib/gcc/arm-none-eabi/9.3.1/../../../../arm-none-eabi/lib/thumb/v7e-m+dp/hard\libc_nano.a
LOAD c:/st/stm32cubeide_1.7.0/stm32cubeide/plugins/com.st.stm32cube.ide.mcu.externaltools.gnu-tools-for-stm32.9-2020-q2-update.win32_2.0.0.202105311346/tools/bin/../lib/gcc/arm-none-eabi/9.3.1/../../../../arm-none-eabi/lib/thumb/v7e-m+dp/hard\libnosys.a
END GROUP
START GROUP
LOAD c:/st/stm32cubeide_1.7.0/stm32cubeide/plugins/com.st.stm32cube.ide.mcu.externaltools.gnu-tools-for-stm32.9-2020-q2-update.win32_2.0.0.202105311346/tools/bin/../lib/gcc/arm-none-eabi/9.3.1/thumb/v7e-m+dp/hard\libgcc.a
LOAD c:/st/stm32cubeide_1.7.0/stm32cubeide/plugins/com.st.stm32cube.ide.mcu.externaltools.gnu-tools-for-stm32.9-2020-q2-update.win32_2.0.0.202105311346/tools/bin/../lib/gcc/arm-none-eabi/9.3.1/../../../../arm-none-eabi/lib/thumb/v7e-m+dp/hard\libc_nano.a
LOAD c:/st/stm32cubeide_1.7.0/stm32cubeide/plugins/com.st.stm32cube.ide.mcu.externaltools.gnu-tools-for-stm32.9-2020-q2-update.win32_2.0.0.202105311346/tools/bin/../lib/gcc/arm-none-eabi/9.3.1/../../../../arm-none-eabi/lib/thumb/v7e-m+dp/hard\libnosys.a
END GROUP
LOAD c:/st/stm32cubeide_1.7.0/stm32cubeide/plugins/com.st.stm32cube.ide.mcu.externaltools.gnu-tools-for-stm32.9-2020-q2-update.win32_2.0.0.202105311346/tools/bin/../lib/gcc/arm-none-eabi/9.3.1/thumb/v7e-m+dp/hard/crtend.o
LOAD c:/st/stm32cubeide_1.7.0/stm32cubeide/plugins/com.st.stm32cube.ide.mcu.externaltools.gnu-tools-for-stm32.9-2020-q2-update.win32_2.0.0.202105311346/tools/bin/../lib/gcc/arm-none-eabi/9.3.1/thumb/v7e-m+dp/hard/crtn.o
                0x0000000024080000                _estack = (ORIGIN (RAM_D1) + LENGTH (RAM_D1))
                0x0000000000000200                _Min_Heap_Size = 0x200
                0x0000000000000400                _Min_Stack_Size = 0x400

.isr_vector     0x0000000008000000      0x298
                0x0000000008000000                . = ALIGN (0x4)
 *(.isr_vector)
 .isr_vector    0x0000000008000000      0x298 ./Core/Startup/startup_stm32h745zitx.o
                0x0000000008000000                g_pfnVectors
                0x0000000008000298                . = ALIGN (0x4)

.text           0x00000000080002a0     0xce60
                0x00000000080002a0                . = ALIGN (0x4)
 *(.text)
 .text          0x00000000080002a0       0x40 c:/st/stm32cubeide_1.7.0/stm32cubeide/plugins/com.st.stm32cube.ide.mcu.externaltools.gnu-tools-for-stm32.9-2020-q2-update.win32_2.0.0.202105311346/tools/bin/../lib/gcc/arm-none-eabi/9.3.1/thumb/v7e-m+dp/hard/crtbegin.o
 .text          0x00000000080002e0       0x10 c:/st/stm32cubeide_1.7.0/stm32cubeide/plugins/com.st.stm32cube.ide.mcu.externaltools.gnu-tools-for-stm32.9-2020-q2-update.win32_2.0.0.202105311346/tools/bin/../lib/gcc/arm-none-eabi/9.3.1/../../../../arm-none-eabi/lib/thumb/v7e-m+dp/hard\libc_nano.a(lib_a-strlen.o)
                0x00000000080002e0                strlen
 .text          0x00000000080002f0       0xa0 c:/st/stm32cubeide_1.7.0/stm32cubeide/plugins/com.st.stm32cube.ide.mcu.externaltools.gnu-tools-for-stm32.9-2020-q2-update.win32_2.0.0.202105311346/tools/bin/../lib/gcc/arm-none-eabi/9.3.1/../../../../arm-none-eabi/lib/thumb/v7e-m+dp/hard\libc_nano.a(lib_a-memchr.o)
                0x00000000080002f0                memchr
 .text          0x0000000008000390      0x378 c:/st/stm32cubeide_1.7.0/stm32cubeide/plugins/com.st.stm32cube.ide.mcu.externaltools.gnu-tools-for-stm32.9-2020-q2-update.win32_2.0.0.202105311346/tools/bin/../lib/gcc/arm-none-eabi/9.3.1/thumb/v7e-m+dp/hard\libgcc.a(_arm_addsubdf3.o)
                0x0000000008000390                __aeabi_drsub
                0x0000000008000398                __aeabi_dsub
                0x0000000008000398                __subdf3
                0x000000000800039c                __aeabi_dadd
                0x000000000800039c                __adddf3
                0x0000000008000614                __floatunsidf
                0x0000000008000614                __aeabi_ui2d
                0x0000000008000634                __floatsidf
                0x0000000008000634                __aeabi_i2d
                0x0000000008000658                __aeabi_f2d
                0x0000000008000658                __extendsfdf2
                0x000000000800069c                __floatundidf
                0x000000000800069c                __aeabi_ul2d
                0x00000000080006ac                __floatdidf
                0x00000000080006ac                __aeabi_l2d
 .text          0x0000000008000708       0x30 c:/st/stm32cubeide_1.7.0/stm32cubeide/plugins/com.st.stm32cube.ide.mcu.externaltools.gnu-tools-for-stm32.9-2020-q2-update.win32_2.0.0.202105311346/tools/bin/../lib/gcc/arm-none-eabi/9.3.1/thumb/v7e-m+dp/hard\libgcc.a(_aeabi_uldivmod.o)
                0x0000000008000708                __aeabi_uldivmod
 .text          0x0000000008000738      0x2c4 c:/st/stm32cubeide_1.7.0/stm32cubeide/plugins/com.st.stm32cube.ide.mcu.externaltools.gnu-tools-for-stm32.9-2020-q2-update.win32_2.0.0.202105311346/tools/bin/../lib/gcc/arm-none-eabi/9.3.1/thumb/v7e-m+dp/hard\libgcc.a(_udivmoddi4.o)
                0x0000000008000738                __udivmoddi4
 .text          0x00000000080009fc        0x4 c:/st/stm32cubeide_1.7.0/stm32cubeide/plugins/com.st.stm32cube.ide.mcu.externaltools.gnu-tools-for-stm32.9-2020-q2-update.win32_2.0.0.202105311346/tools/bin/../lib/gcc/arm-none-eabi/9.3.1/thumb/v7e-m+dp/hard\libgcc.a(_dvmd_tls.o)
                0x00000000080009fc                __aeabi_idiv0
                0x00000000080009fc                __aeabi_ldiv0
 *(.text*)
 .text.SystemInit
                0x0000000008000a00      0x134 ./Common/Src/system_stm32h7xx_dualcore_boot_cm4_cm7.o
                0x0000000008000a00                SystemInit
 .text.createNewMatrix
                0x0000000008000b34      0x114 ./Core/Src/MatrixLibray.o
                0x0000000008000b34                createNewMatrix
 .text.normaliseMatrix
                0x0000000008000c48       0xa2 ./Core/Src/MatrixLibray.o
                0x0000000008000c48                normaliseMatrix
 .text.ArraytoMatrix
                0x0000000008000cea       0x70 ./Core/Src/MatrixLibray.o
                0x0000000008000cea                ArraytoMatrix
 .text.MatrixtoArrayB
                0x0000000008000d5a       0x6a ./Core/Src/MatrixLibray.o
                0x0000000008000d5a                MatrixtoArrayB
 .text.printArray
                0x0000000008000dc4       0x7c ./Core/Src/MatrixLibray.o
                0x0000000008000dc4                printArray
 .text.MultiplyMatrix
                0x0000000008000e40       0xc4 ./Core/Src/MatrixLibray.o
                0x0000000008000e40                MultiplyMatrix
 .text.TransposeMatrix
                0x0000000008000f04       0x6e ./Core/Src/MatrixLibray.o
                0x0000000008000f04                TransposeMatrix
 .text.NegitiveMatrix
                0x0000000008000f72       0x6e ./Core/Src/MatrixLibray.o
                0x0000000008000f72                NegitiveMatrix
 .text.printMatrix
                0x0000000008000fe0       0x8c ./Core/Src/MatrixStuff.o
                0x0000000008000fe0                printMatrix
 .text.get_cubic
                0x000000000800106c      0x41c ./Core/Src/MatrixStuff.o
                0x000000000800106c                get_cubic
 .text.ArrayElipsoidMat
                0x0000000008001488      0x1e6 ./Core/Src/MatrixStuff.o
                0x0000000008001488                ArrayElipsoidMat
 *fill*         0x000000000800166e        0x2 
 .text.generateElispoidData
                0x0000000008001670      0x55c ./Core/Src/MatrixStuff.o
                0x0000000008001670                generateElispoidData
 .text.EigenValues3x3
                0x0000000008001bcc      0x28c ./Core/Src/MatrixStuff.o
                0x0000000008001bcc                EigenValues3x3
 .text.inverseMatrix
                0x0000000008001e58       0xc0 ./Core/Src/MatrixStuff.o
                0x0000000008001e58                inverseMatrix
 .text.detrminant
                0x0000000008001f18      0x1f6 ./Core/Src/MatrixStuff.o
                0x0000000008001f18                detrminant
 .text.cofactors
                0x000000000800210e      0x364 ./Core/Src/MatrixStuff.o
                0x000000000800210e                cofactors
 *fill*         0x0000000008002472        0x2 
 .text.MX_ETH_Init
                0x0000000008002474       0x98 ./Core/Src/eth.o
                0x0000000008002474                MX_ETH_Init
 .text.HAL_ETH_MspInit
                0x000000000800250c      0x19c ./Core/Src/eth.o
                0x000000000800250c                HAL_ETH_MspInit
 .text.MX_GPIO_Init
                0x00000000080026a8       0xcc ./Core/Src/gpio.o
                0x00000000080026a8                MX_GPIO_Init
 .text.__io_putchar
                0x0000000008002774       0x24 ./Core/Src/main.o
                0x0000000008002774                __io_putchar
 .text.main     0x0000000008002798       0xbc ./Core/Src/main.o
                0x0000000008002798                main
 .text.SystemClock_Config
                0x0000000008002854      0x108 ./Core/Src/main.o
                0x0000000008002854                SystemClock_Config
 .text.Error_Handler
                0x000000000800295c        0xa ./Core/Src/main.o
                0x000000000800295c                Error_Handler
 *fill*         0x0000000008002966        0x2 
 .text.HAL_MspInit
                0x0000000008002968       0x34 ./Core/Src/stm32h7xx_hal_msp.o
                0x0000000008002968                HAL_MspInit
 .text.NMI_Handler
                0x000000000800299c        0x6 ./Core/Src/stm32h7xx_it.o
                0x000000000800299c                NMI_Handler
 .text.HardFault_Handler
                0x00000000080029a2        0x6 ./Core/Src/stm32h7xx_it.o
                0x00000000080029a2                HardFault_Handler
 .text.MemManage_Handler
                0x00000000080029a8        0x6 ./Core/Src/stm32h7xx_it.o
                0x00000000080029a8                MemManage_Handler
 .text.BusFault_Handler
                0x00000000080029ae        0x6 ./Core/Src/stm32h7xx_it.o
                0x00000000080029ae                BusFault_Handler
 .text.UsageFault_Handler
                0x00000000080029b4        0x6 ./Core/Src/stm32h7xx_it.o
                0x00000000080029b4                UsageFault_Handler
 .text.SVC_Handler
                0x00000000080029ba        0xe ./Core/Src/stm32h7xx_it.o
                0x00000000080029ba                SVC_Handler
 .text.DebugMon_Handler
                0x00000000080029c8        0xe ./Core/Src/stm32h7xx_it.o
                0x00000000080029c8                DebugMon_Handler
 .text.PendSV_Handler
                0x00000000080029d6        0xe ./Core/Src/stm32h7xx_it.o
                0x00000000080029d6                PendSV_Handler
 .text.SysTick_Handler
                0x00000000080029e4        0xc ./Core/Src/stm32h7xx_it.o
                0x00000000080029e4                SysTick_Handler
 .text.TIM2_IRQHandler
                0x00000000080029f0       0x14 ./Core/Src/stm32h7xx_it.o
                0x00000000080029f0                TIM2_IRQHandler
 .text._getpid  0x0000000008002a04       0x10 ./Core/Src/syscalls.o
                0x0000000008002a04                _getpid
 .text._kill    0x0000000008002a14       0x20 ./Core/Src/syscalls.o
                0x0000000008002a14                _kill
 .text._exit    0x0000000008002a34       0x14 ./Core/Src/syscalls.o
                0x0000000008002a34                _exit
 .text._read    0x0000000008002a48       0x3a ./Core/Src/syscalls.o
                0x0000000008002a48                _read
 .text._write   0x0000000008002a82       0x38 ./Core/Src/syscalls.o
                0x0000000008002a82                _write
 .text._close   0x0000000008002aba       0x18 ./Core/Src/syscalls.o
                0x0000000008002aba                _close
 .text._fstat   0x0000000008002ad2       0x20 ./Core/Src/syscalls.o
                0x0000000008002ad2                _fstat
 .text._isatty  0x0000000008002af2       0x16 ./Core/Src/syscalls.o
                0x0000000008002af2                _isatty
 .text._lseek   0x0000000008002b08       0x1a ./Core/Src/syscalls.o
                0x0000000008002b08                _lseek
 *fill*         0x0000000008002b22        0x2 
 .text._sbrk    0x0000000008002b24       0x6c ./Core/Src/sysmem.o
                0x0000000008002b24                _sbrk
 .text.MX_TIM2_Init
                0x0000000008002b90       0x9c ./Core/Src/tim.o
                0x0000000008002b90                MX_TIM2_Init
 .text.HAL_TIM_Base_MspInit
                0x0000000008002c2c       0x4c ./Core/Src/tim.o
                0x0000000008002c2c                HAL_TIM_Base_MspInit
 .text.MX_USART3_UART_Init
                0x0000000008002c78       0x98 ./Core/Src/usart.o
                0x0000000008002c78                MX_USART3_UART_Init
 .text.HAL_UART_MspInit
                0x0000000008002d10       0xcc ./Core/Src/usart.o
                0x0000000008002d10                HAL_UART_MspInit
 .text.MX_USB_OTG_FS_PCD_Init
                0x0000000008002ddc       0x64 ./Core/Src/usb_otg.o
                0x0000000008002ddc                MX_USB_OTG_FS_PCD_Init
 .text.HAL_PCD_MspInit
                0x0000000008002e40      0x110 ./Core/Src/usb_otg.o
                0x0000000008002e40                HAL_PCD_MspInit
 .text.Reset_Handler
                0x0000000008002f50       0x50 ./Core/Startup/startup_stm32h745zitx.o
                0x0000000008002f50                Reset_Handler
 .text.Default_Handler
                0x0000000008002fa0        0x2 ./Core/Startup/startup_stm32h745zitx.o
                0x0000000008002fa0                RTC_Alarm_IRQHandler
                0x0000000008002fa0                EXTI2_IRQHandler
                0x0000000008002fa0                TIM8_CC_IRQHandler
                0x0000000008002fa0                HRTIM1_Master_IRQHandler
                0x0000000008002fa0                UART8_IRQHandler
                0x0000000008002fa0                SPI4_IRQHandler
                0x0000000008002fa0                TIM1_CC_IRQHandler
                0x0000000008002fa0                BDMA_Channel6_IRQHandler
                0x0000000008002fa0                DMA2_Stream5_IRQHandler
                0x0000000008002fa0                HRTIM1_FLT_IRQHandler
                0x0000000008002fa0                JPEG_IRQHandler
                0x0000000008002fa0                DMA1_Stream5_IRQHandler
                0x0000000008002fa0                BDMA_Channel1_IRQHandler
                0x0000000008002fa0                HRTIM1_TIMD_IRQHandler
                0x0000000008002fa0                TAMP_STAMP_IRQHandler
                0x0000000008002fa0                EXTI3_IRQHandler
                0x0000000008002fa0                LPTIM4_IRQHandler
                0x0000000008002fa0                TIM8_TRG_COM_TIM14_IRQHandler
                0x0000000008002fa0                LPTIM2_IRQHandler
                0x0000000008002fa0                DFSDM1_FLT1_IRQHandler
                0x0000000008002fa0                DMAMUX2_OVR_IRQHandler
                0x0000000008002fa0                TIM8_UP_TIM13_IRQHandler
                0x0000000008002fa0                I2C3_ER_IRQHandler
                0x0000000008002fa0                DFSDM1_FLT2_IRQHandler
                0x0000000008002fa0                MDMA_IRQHandler
                0x0000000008002fa0                LPTIM3_IRQHandler
                0x0000000008002fa0                HSEM1_IRQHandler
                0x0000000008002fa0                EXTI0_IRQHandler
                0x0000000008002fa0                I2C2_EV_IRQHandler
                0x0000000008002fa0                DMA1_Stream2_IRQHandler
                0x0000000008002fa0                FPU_IRQHandler
                0x0000000008002fa0                OTG_HS_WKUP_IRQHandler
                0x0000000008002fa0                FDCAN1_IT1_IRQHandler
                0x0000000008002fa0                LTDC_ER_IRQHandler
                0x0000000008002fa0                DMA2_Stream2_IRQHandler
                0x0000000008002fa0                HRTIM1_TIME_IRQHandler
                0x0000000008002fa0                SPI1_IRQHandler
                0x0000000008002fa0                TIM6_DAC_IRQHandler
                0x0000000008002fa0                DCMI_IRQHandler
                0x0000000008002fa0                HRTIM1_TIMC_IRQHandler
                0x0000000008002fa0                DMA2_Stream3_IRQHandler
                0x0000000008002fa0                SAI2_IRQHandler
                0x0000000008002fa0                DFSDM1_FLT3_IRQHandler
                0x0000000008002fa0                USART6_IRQHandler
                0x0000000008002fa0                TIM17_IRQHandler
                0x0000000008002fa0                USART3_IRQHandler
                0x0000000008002fa0                BDMA_Channel7_IRQHandler
                0x0000000008002fa0                LPTIM5_IRQHandler
                0x0000000008002fa0                UART5_IRQHandler
                0x0000000008002fa0                ADC3_IRQHandler
                0x0000000008002fa0                DMA2_Stream0_IRQHandler
                0x0000000008002fa0                TIM4_IRQHandler
                0x0000000008002fa0                BDMA_Channel2_IRQHandler
                0x0000000008002fa0                QUADSPI_IRQHandler
                0x0000000008002fa0                I2C1_EV_IRQHandler
                0x0000000008002fa0                DMA1_Stream6_IRQHandler
                0x0000000008002fa0                DMAMUX1_OVR_IRQHandler
                0x0000000008002fa0                DMA1_Stream1_IRQHandler
                0x0000000008002fa0                TIM16_IRQHandler
                0x0000000008002fa0                UART4_IRQHandler
                0x0000000008002fa0                BDMA_Channel5_IRQHandler
                0x0000000008002fa0                TIM3_IRQHandler
                0x0000000008002fa0                RCC_IRQHandler
                0x0000000008002fa0                TIM8_BRK_TIM12_IRQHandler
                0x0000000008002fa0                TIM1_TRG_COM_IRQHandler
                0x0000000008002fa0                Default_Handler
                0x0000000008002fa0                ECC_IRQHandler
                0x0000000008002fa0                CEC_IRQHandler
                0x0000000008002fa0                EXTI15_10_IRQHandler
                0x0000000008002fa0                BDMA_Channel0_IRQHandler
                0x0000000008002fa0                ADC_IRQHandler
                0x0000000008002fa0                DMA1_Stream7_IRQHandler
                0x0000000008002fa0                HRTIM1_TIMA_IRQHandler
                0x0000000008002fa0                SPI5_IRQHandler
                0x0000000008002fa0                TIM7_IRQHandler
                0x0000000008002fa0                SDMMC1_IRQHandler
                0x0000000008002fa0                TIM5_IRQHandler
                0x0000000008002fa0                DMA2_Stream7_IRQHandler
                0x0000000008002fa0                TIM15_IRQHandler
                0x0000000008002fa0                PVD_AVD_IRQHandler
                0x0000000008002fa0                I2C3_EV_IRQHandler
                0x0000000008002fa0                EXTI9_5_IRQHandler
                0x0000000008002fa0                RTC_WKUP_IRQHandler
                0x0000000008002fa0                LTDC_IRQHandler
                0x0000000008002fa0                SAI3_IRQHandler
                0x0000000008002fa0                ETH_WKUP_IRQHandler
                0x0000000008002fa0                SPDIF_RX_IRQHandler
                0x0000000008002fa0                SPI2_IRQHandler
                0x0000000008002fa0                OTG_HS_EP1_IN_IRQHandler
                0x0000000008002fa0                DMA1_Stream0_IRQHandler
                0x0000000008002fa0                CRS_IRQHandler
                0x0000000008002fa0                CM7_SEV_IRQHandler
                0x0000000008002fa0                EXTI4_IRQHandler
                0x0000000008002fa0                RNG_IRQHandler
                0x0000000008002fa0                CM4_SEV_IRQHandler
                0x0000000008002fa0                HRTIM1_TIMB_IRQHandler
                0x0000000008002fa0                FDCAN2_IT1_IRQHandler
                0x0000000008002fa0                ETH_IRQHandler
                0x0000000008002fa0                TIM1_UP_IRQHandler
                0x0000000008002fa0                WWDG_RST_IRQHandler
                0x0000000008002fa0                BDMA_Channel4_IRQHandler
                0x0000000008002fa0                OTG_HS_EP1_OUT_IRQHandler
                0x0000000008002fa0                WWDG_IRQHandler
                0x0000000008002fa0                SPI6_IRQHandler
                0x0000000008002fa0                MDIOS_IRQHandler
                0x0000000008002fa0                I2C4_EV_IRQHandler
                0x0000000008002fa0                FDCAN2_IT0_IRQHandler
                0x0000000008002fa0                LPUART1_IRQHandler
                0x0000000008002fa0                FDCAN1_IT0_IRQHandler
                0x0000000008002fa0                OTG_FS_WKUP_IRQHandler
                0x0000000008002fa0                OTG_HS_IRQHandler
                0x0000000008002fa0                HSEM2_IRQHandler
                0x0000000008002fa0                DMA2D_IRQHandler
                0x0000000008002fa0                TIM1_BRK_IRQHandler
                0x0000000008002fa0                EXTI1_IRQHandler
                0x0000000008002fa0                SDMMC2_IRQHandler
                0x0000000008002fa0                OTG_FS_EP1_OUT_IRQHandler
                0x0000000008002fa0                BDMA_Channel3_IRQHandler
                0x0000000008002fa0                HOLD_CORE_IRQHandler
                0x0000000008002fa0                UART7_IRQHandler
                0x0000000008002fa0                MDIOS_WKUP_IRQHandler
                0x0000000008002fa0                USART2_IRQHandler
                0x0000000008002fa0                DFSDM1_FLT0_IRQHandler
                0x0000000008002fa0                SAI4_IRQHandler
                0x0000000008002fa0                I2C2_ER_IRQHandler
                0x0000000008002fa0                DMA2_Stream1_IRQHandler
                0x0000000008002fa0                FLASH_IRQHandler
                0x0000000008002fa0                DMA2_Stream4_IRQHandler
                0x0000000008002fa0                USART1_IRQHandler
                0x0000000008002fa0                OTG_FS_IRQHandler
                0x0000000008002fa0                SPI3_IRQHandler
                0x0000000008002fa0                WAKEUP_PIN_IRQHandler
                0x0000000008002fa0                DMA1_Stream4_IRQHandler
                0x0000000008002fa0                OTG_FS_EP1_IN_IRQHandler
                0x0000000008002fa0                I2C1_ER_IRQHandler
                0x0000000008002fa0                FMC_IRQHandler
                0x0000000008002fa0                FDCAN_CAL_IRQHandler
                0x0000000008002fa0                SWPMI1_IRQHandler
                0x0000000008002fa0                COMP1_IRQHandler
                0x0000000008002fa0                LPTIM1_IRQHandler
                0x0000000008002fa0                I2C4_ER_IRQHandler
                0x0000000008002fa0                DMA2_Stream6_IRQHandler
                0x0000000008002fa0                SAI1_IRQHandler
                0x0000000008002fa0                DMA1_Stream3_IRQHandler
 *fill*         0x0000000008002fa2        0x2 
 .text.HAL_Init
                0x0000000008002fa4       0x78 ./Drivers/STM32H7xx_HAL_Driver/stm32h7xx_hal.o
                0x0000000008002fa4                HAL_Init
 .text.HAL_InitTick
                0x000000000800301c       0x6c ./Drivers/STM32H7xx_HAL_Driver/stm32h7xx_hal.o
                0x000000000800301c                HAL_InitTick
 .text.HAL_IncTick
                0x0000000008003088       0x28 ./Drivers/STM32H7xx_HAL_Driver/stm32h7xx_hal.o
                0x0000000008003088                HAL_IncTick
 .text.HAL_GetTick
                0x00000000080030b0       0x18 ./Drivers/STM32H7xx_HAL_Driver/stm32h7xx_hal.o
                0x00000000080030b0                HAL_GetTick
 .text.HAL_Delay
                0x00000000080030c8       0x48 ./Drivers/STM32H7xx_HAL_Driver/stm32h7xx_hal.o
                0x00000000080030c8                HAL_Delay
 .text.HAL_GetREVID
                0x0000000008003110       0x18 ./Drivers/STM32H7xx_HAL_Driver/stm32h7xx_hal.o
                0x0000000008003110                HAL_GetREVID
 .text.HAL_SYSCFG_ETHInterfaceSelect
                0x0000000008003128       0x28 ./Drivers/STM32H7xx_HAL_Driver/stm32h7xx_hal.o
                0x0000000008003128                HAL_SYSCFG_ETHInterfaceSelect
 .text.__NVIC_SetPriorityGrouping
                0x0000000008003150       0x48 ./Drivers/STM32H7xx_HAL_Driver/stm32h7xx_hal_cortex.o
 .text.__NVIC_GetPriorityGrouping
                0x0000000008003198       0x1c ./Drivers/STM32H7xx_HAL_Driver/stm32h7xx_hal_cortex.o
 .text.__NVIC_EnableIRQ
                0x00000000080031b4       0x3c ./Drivers/STM32H7xx_HAL_Driver/stm32h7xx_hal_cortex.o
 .text.__NVIC_SetPriority
                0x00000000080031f0       0x54 ./Drivers/STM32H7xx_HAL_Driver/stm32h7xx_hal_cortex.o
 .text.NVIC_EncodePriority
                0x0000000008003244       0x66 ./Drivers/STM32H7xx_HAL_Driver/stm32h7xx_hal_cortex.o
 *fill*         0x00000000080032aa        0x2 
 .text.SysTick_Config
                0x00000000080032ac       0x44 ./Drivers/STM32H7xx_HAL_Driver/stm32h7xx_hal_cortex.o
 .text.HAL_NVIC_SetPriorityGrouping
                0x00000000080032f0       0x16 ./Drivers/STM32H7xx_HAL_Driver/stm32h7xx_hal_cortex.o
                0x00000000080032f0                HAL_NVIC_SetPriorityGrouping
 .text.HAL_NVIC_SetPriority
                0x0000000008003306       0x34 ./Drivers/STM32H7xx_HAL_Driver/stm32h7xx_hal_cortex.o
                0x0000000008003306                HAL_NVIC_SetPriority
 .text.HAL_NVIC_EnableIRQ
                0x000000000800333a       0x1c ./Drivers/STM32H7xx_HAL_Driver/stm32h7xx_hal_cortex.o
                0x000000000800333a                HAL_NVIC_EnableIRQ
 .text.HAL_SYSTICK_Config
                0x0000000008003356       0x18 ./Drivers/STM32H7xx_HAL_Driver/stm32h7xx_hal_cortex.o
                0x0000000008003356                HAL_SYSTICK_Config
 *fill*         0x000000000800336e        0x2 
 .text.HAL_ETH_Init
                0x0000000008003370      0x1b4 ./Drivers/STM32H7xx_HAL_Driver/stm32h7xx_hal_eth.o
                0x0000000008003370                HAL_ETH_Init
 .text.ETH_SetMACConfig
                0x0000000008003524      0x238 ./Drivers/STM32H7xx_HAL_Driver/stm32h7xx_hal_eth.o
 .text.ETH_SetDMAConfig
                0x000000000800375c      0x10c ./Drivers/STM32H7xx_HAL_Driver/stm32h7xx_hal_eth.o
 .text.ETH_MACDMAConfig
                0x0000000008003868      0x13a ./Drivers/STM32H7xx_HAL_Driver/stm32h7xx_hal_eth.o
 *fill*         0x00000000080039a2        0x2 
 .text.ETH_MAC_MDIO_ClkConfig
                0x00000000080039a4       0xb0 ./Drivers/STM32H7xx_HAL_Driver/stm32h7xx_hal_eth.o
 .text.ETH_DMATxDescListInit
                0x0000000008003a54       0x8e ./Drivers/STM32H7xx_HAL_Driver/stm32h7xx_hal_eth.o
 .text.ETH_DMARxDescListInit
                0x0000000008003ae2       0xba ./Drivers/STM32H7xx_HAL_Driver/stm32h7xx_hal_eth.o
 .text.HAL_GPIO_Init
                0x0000000008003b9c      0x360 ./Drivers/STM32H7xx_HAL_Driver/stm32h7xx_hal_gpio.o
                0x0000000008003b9c                HAL_GPIO_Init
 .text.HAL_HSEM_FastTake
                0x0000000008003efc       0x34 ./Drivers/STM32H7xx_HAL_Driver/stm32h7xx_hal_hsem.o
                0x0000000008003efc                HAL_HSEM_FastTake
 .text.HAL_HSEM_Release
                0x0000000008003f30       0x28 ./Drivers/STM32H7xx_HAL_Driver/stm32h7xx_hal_hsem.o
                0x0000000008003f30                HAL_HSEM_Release
 .text.HAL_PCD_Init
                0x0000000008003f58      0x248 ./Drivers/STM32H7xx_HAL_Driver/stm32h7xx_hal_pcd.o
                0x0000000008003f58                HAL_PCD_Init
 .text.HAL_PCDEx_ActivateLPM
                0x00000000080041a0       0x48 ./Drivers/STM32H7xx_HAL_Driver/stm32h7xx_hal_pcd_ex.o
                0x00000000080041a0                HAL_PCDEx_ActivateLPM
 .text.HAL_PWREx_ConfigSupply
                0x00000000080041e8       0xb4 ./Drivers/STM32H7xx_HAL_Driver/stm32h7xx_hal_pwr_ex.o
                0x00000000080041e8                HAL_PWREx_ConfigSupply
 .text.HAL_PWREx_EnableUSBVoltageDetector
                0x000000000800429c       0x20 ./Drivers/STM32H7xx_HAL_Driver/stm32h7xx_hal_pwr_ex.o
                0x000000000800429c                HAL_PWREx_EnableUSBVoltageDetector
 .text.HAL_RCC_OscConfig
                0x00000000080042bc      0x820 ./Drivers/STM32H7xx_HAL_Driver/stm32h7xx_hal_rcc.o
                0x00000000080042bc                HAL_RCC_OscConfig
 .text.HAL_RCC_ClockConfig
                0x0000000008004adc      0x36c ./Drivers/STM32H7xx_HAL_Driver/stm32h7xx_hal_rcc.o
                0x0000000008004adc                HAL_RCC_ClockConfig
 .text.HAL_RCC_GetSysClockFreq
                0x0000000008004e48      0x2f4 ./Drivers/STM32H7xx_HAL_Driver/stm32h7xx_hal_rcc.o
                0x0000000008004e48                HAL_RCC_GetSysClockFreq
 .text.HAL_RCC_GetHCLKFreq
                0x000000000800513c       0x60 ./Drivers/STM32H7xx_HAL_Driver/stm32h7xx_hal_rcc.o
                0x000000000800513c                HAL_RCC_GetHCLKFreq
 .text.HAL_RCC_GetPCLK1Freq
                0x000000000800519c       0x2c ./Drivers/STM32H7xx_HAL_Driver/stm32h7xx_hal_rcc.o
                0x000000000800519c                HAL_RCC_GetPCLK1Freq
 .text.HAL_RCC_GetPCLK2Freq
                0x00000000080051c8       0x2c ./Drivers/STM32H7xx_HAL_Driver/stm32h7xx_hal_rcc.o
                0x00000000080051c8                HAL_RCC_GetPCLK2Freq
 .text.HAL_RCCEx_PeriphCLKConfig
                0x00000000080051f4      0xe80 ./Drivers/STM32H7xx_HAL_Driver/stm32h7xx_hal_rcc_ex.o
                0x00000000080051f4                HAL_RCCEx_PeriphCLKConfig
 .text.HAL_RCCEx_GetD3PCLK1Freq
                0x0000000008006074       0x2c ./Drivers/STM32H7xx_HAL_Driver/stm32h7xx_hal_rcc_ex.o
                0x0000000008006074                HAL_RCCEx_GetD3PCLK1Freq
 .text.HAL_RCCEx_GetPLL2ClockFreq
                0x00000000080060a0      0x2a8 ./Drivers/STM32H7xx_HAL_Driver/stm32h7xx_hal_rcc_ex.o
                0x00000000080060a0                HAL_RCCEx_GetPLL2ClockFreq
 .text.HAL_RCCEx_GetPLL3ClockFreq
                0x0000000008006348      0x2a8 ./Drivers/STM32H7xx_HAL_Driver/stm32h7xx_hal_rcc_ex.o
                0x0000000008006348                HAL_RCCEx_GetPLL3ClockFreq
 .text.RCCEx_PLL2_Config
                0x00000000080065f0      0x164 ./Drivers/STM32H7xx_HAL_Driver/stm32h7xx_hal_rcc_ex.o
 .text.RCCEx_PLL3_Config
                0x0000000008006754      0x164 ./Drivers/STM32H7xx_HAL_Driver/stm32h7xx_hal_rcc_ex.o
 .text.HAL_TIM_Base_Init
                0x00000000080068b8       0xae ./Drivers/STM32H7xx_HAL_Driver/stm32h7xx_hal_tim.o
                0x00000000080068b8                HAL_TIM_Base_Init
 .text.HAL_TIM_IRQHandler
                0x0000000008006966      0x23e ./Drivers/STM32H7xx_HAL_Driver/stm32h7xx_hal_tim.o
                0x0000000008006966                HAL_TIM_IRQHandler
 .text.HAL_TIM_ConfigClockSource
                0x0000000008006ba4      0x1e8 ./Drivers/STM32H7xx_HAL_Driver/stm32h7xx_hal_tim.o
                0x0000000008006ba4                HAL_TIM_ConfigClockSource
 .text.HAL_TIM_PeriodElapsedCallback
                0x0000000008006d8c       0x14 ./Drivers/STM32H7xx_HAL_Driver/stm32h7xx_hal_tim.o
                0x0000000008006d8c                HAL_TIM_PeriodElapsedCallback
 .text.HAL_TIM_OC_DelayElapsedCallback
                0x0000000008006da0       0x14 ./Drivers/STM32H7xx_HAL_Driver/stm32h7xx_hal_tim.o
                0x0000000008006da0                HAL_TIM_OC_DelayElapsedCallback
 .text.HAL_TIM_IC_CaptureCallback
                0x0000000008006db4       0x14 ./Drivers/STM32H7xx_HAL_Driver/stm32h7xx_hal_tim.o
                0x0000000008006db4                HAL_TIM_IC_CaptureCallback
 .text.HAL_TIM_PWM_PulseFinishedCallback
                0x0000000008006dc8       0x14 ./Drivers/STM32H7xx_HAL_Driver/stm32h7xx_hal_tim.o
                0x0000000008006dc8                HAL_TIM_PWM_PulseFinishedCallback
 .text.HAL_TIM_TriggerCallback
                0x0000000008006ddc       0x14 ./Drivers/STM32H7xx_HAL_Driver/stm32h7xx_hal_tim.o
                0x0000000008006ddc                HAL_TIM_TriggerCallback
 .text.TIM_Base_SetConfig
                0x0000000008006df0      0x134 ./Drivers/STM32H7xx_HAL_Driver/stm32h7xx_hal_tim.o
                0x0000000008006df0                TIM_Base_SetConfig
 .text.TIM_TI1_ConfigInputStage
                0x0000000008006f24       0x5e ./Drivers/STM32H7xx_HAL_Driver/stm32h7xx_hal_tim.o
 .text.TIM_TI2_ConfigInputStage
                0x0000000008006f82       0x60 ./Drivers/STM32H7xx_HAL_Driver/stm32h7xx_hal_tim.o
 *fill*         0x0000000008006fe2        0x2 
 .text.TIM_ITRx_SetConfig
                0x0000000008006fe4       0x3c ./Drivers/STM32H7xx_HAL_Driver/stm32h7xx_hal_tim.o
 .text.TIM_ETR_SetConfig
                0x0000000008007020       0x40 ./Drivers/STM32H7xx_HAL_Driver/stm32h7xx_hal_tim.o
                0x0000000008007020                TIM_ETR_SetConfig
 .text.HAL_TIMEx_MasterConfigSynchronization
                0x0000000008007060      0x110 ./Drivers/STM32H7xx_HAL_Driver/stm32h7xx_hal_tim_ex.o
                0x0000000008007060                HAL_TIMEx_MasterConfigSynchronization
 .text.HAL_TIMEx_CommutCallback
                0x0000000008007170       0x14 ./Drivers/STM32H7xx_HAL_Driver/stm32h7xx_hal_tim_ex.o
                0x0000000008007170                HAL_TIMEx_CommutCallback
 .text.HAL_TIMEx_BreakCallback
                0x0000000008007184       0x14 ./Drivers/STM32H7xx_HAL_Driver/stm32h7xx_hal_tim_ex.o
                0x0000000008007184                HAL_TIMEx_BreakCallback
 .text.HAL_TIMEx_Break2Callback
                0x0000000008007198       0x14 ./Drivers/STM32H7xx_HAL_Driver/stm32h7xx_hal_tim_ex.o
                0x0000000008007198                HAL_TIMEx_Break2Callback
 .text.HAL_UART_Init
                0x00000000080071ac       0xa0 ./Drivers/STM32H7xx_HAL_Driver/stm32h7xx_hal_uart.o
                0x00000000080071ac                HAL_UART_Init
 .text.HAL_UART_Transmit
                0x000000000800724c      0x12c ./Drivers/STM32H7xx_HAL_Driver/stm32h7xx_hal_uart.o
                0x000000000800724c                HAL_UART_Transmit
 .text.UART_SetConfig
                0x0000000008007378      0xac0 ./Drivers/STM32H7xx_HAL_Driver/stm32h7xx_hal_uart.o
                0x0000000008007378                UART_SetConfig
 .text.UART_AdvFeatureConfig
                0x0000000008007e38      0x144 ./Drivers/STM32H7xx_HAL_Driver/stm32h7xx_hal_uart.o
                0x0000000008007e38                UART_AdvFeatureConfig
 .text.UART_CheckIdleState
                0x0000000008007f7c       0x96 ./Drivers/STM32H7xx_HAL_Driver/stm32h7xx_hal_uart.o
                0x0000000008007f7c                UART_CheckIdleState
 .text.UART_WaitOnFlagUntilTimeout
                0x0000000008008012      0x100 ./Drivers/STM32H7xx_HAL_Driver/stm32h7xx_hal_uart.o
                0x0000000008008012                UART_WaitOnFlagUntilTimeout
 .text.HAL_UARTEx_DisableFifoMode
                0x0000000008008112       0x72 ./Drivers/STM32H7xx_HAL_Driver/stm32h7xx_hal_uart_ex.o
                0x0000000008008112                HAL_UARTEx_DisableFifoMode
 .text.HAL_UARTEx_SetTxFifoThreshold
                0x0000000008008184       0x7c ./Drivers/STM32H7xx_HAL_Driver/stm32h7xx_hal_uart_ex.o
                0x0000000008008184                HAL_UARTEx_SetTxFifoThreshold
 .text.HAL_UARTEx_SetRxFifoThreshold
                0x0000000008008200       0x7c ./Drivers/STM32H7xx_HAL_Driver/stm32h7xx_hal_uart_ex.o
                0x0000000008008200                HAL_UARTEx_SetRxFifoThreshold
 .text.UARTEx_SetNbDataToProcess
                0x000000000800827c       0x9c ./Drivers/STM32H7xx_HAL_Driver/stm32h7xx_hal_uart_ex.o
 .text.USB_CoreInit
                0x0000000008008318       0xdc ./Drivers/STM32H7xx_HAL_Driver/stm32h7xx_ll_usb.o
                0x0000000008008318                USB_CoreInit
 .text.USB_DisableGlobalInt
                0x00000000080083f4       0x22 ./Drivers/STM32H7xx_HAL_Driver/stm32h7xx_ll_usb.o
                0x00000000080083f4                USB_DisableGlobalInt
 .text.USB_SetCurrentMode
                0x0000000008008416       0x54 ./Drivers/STM32H7xx_HAL_Driver/stm32h7xx_ll_usb.o
                0x0000000008008416                USB_SetCurrentMode
 *fill*         0x000000000800846a        0x2 
 .text.USB_DevInit
                0x000000000800846c      0x2bc ./Drivers/STM32H7xx_HAL_Driver/stm32h7xx_ll_usb.o
                0x000000000800846c                USB_DevInit
 .text.USB_FlushTxFifo
                0x0000000008008728       0x4c ./Drivers/STM32H7xx_HAL_Driver/stm32h7xx_ll_usb.o
                0x0000000008008728                USB_FlushTxFifo
 .text.USB_FlushRxFifo
                0x0000000008008774       0x44 ./Drivers/STM32H7xx_HAL_Driver/stm32h7xx_ll_usb.o
                0x0000000008008774                USB_FlushRxFifo
 .text.USB_SetDevSpeed
                0x00000000080087b8       0x32 ./Drivers/STM32H7xx_HAL_Driver/stm32h7xx_ll_usb.o
                0x00000000080087b8                USB_SetDevSpeed
 .text.USB_DevDisconnect
                0x00000000080087ea       0x42 ./Drivers/STM32H7xx_HAL_Driver/stm32h7xx_ll_usb.o
                0x00000000080087ea                USB_DevDisconnect
 .text.USB_CoreReset
                0x000000000800882c       0x68 ./Drivers/STM32H7xx_HAL_Driver/stm32h7xx_ll_usb.o
 .text.__errno  0x0000000008008894        0xc c:/st/stm32cubeide_1.7.0/stm32cubeide/plugins/com.st.stm32cube.ide.mcu.externaltools.gnu-tools-for-stm32.9-2020-q2-update.win32_2.0.0.202105311346/tools/bin/../lib/gcc/arm-none-eabi/9.3.1/../../../../arm-none-eabi/lib/thumb/v7e-m+dp/hard\libc_nano.a(lib_a-errno.o)
                0x0000000008008894                __errno
 .text.__libc_init_array
                0x00000000080088a0       0x48 c:/st/stm32cubeide_1.7.0/stm32cubeide/plugins/com.st.stm32cube.ide.mcu.externaltools.gnu-tools-for-stm32.9-2020-q2-update.win32_2.0.0.202105311346/tools/bin/../lib/gcc/arm-none-eabi/9.3.1/../../../../arm-none-eabi/lib/thumb/v7e-m+dp/hard\libc_nano.a(lib_a-init.o)
                0x00000000080088a0                __libc_init_array
 .text.malloc   0x00000000080088e8       0x10 c:/st/stm32cubeide_1.7.0/stm32cubeide/plugins/com.st.stm32cube.ide.mcu.externaltools.gnu-tools-for-stm32.9-2020-q2-update.win32_2.0.0.202105311346/tools/bin/../lib/gcc/arm-none-eabi/9.3.1/../../../../arm-none-eabi/lib/thumb/v7e-m+dp/hard\libc_nano.a(lib_a-malloc.o)
                0x00000000080088e8                malloc
 .text.memset   0x00000000080088f8       0x10 c:/st/stm32cubeide_1.7.0/stm32cubeide/plugins/com.st.stm32cube.ide.mcu.externaltools.gnu-tools-for-stm32.9-2020-q2-update.win32_2.0.0.202105311346/tools/bin/../lib/gcc/arm-none-eabi/9.3.1/../../../../arm-none-eabi/lib/thumb/v7e-m+dp/hard\libc_nano.a(lib_a-memset.o)
                0x00000000080088f8                memset
 .text._free_r  0x0000000008008908       0xa0 c:/st/stm32cubeide_1.7.0/stm32cubeide/plugins/com.st.stm32cube.ide.mcu.externaltools.gnu-tools-for-stm32.9-2020-q2-update.win32_2.0.0.202105311346/tools/bin/../lib/gcc/arm-none-eabi/9.3.1/../../../../arm-none-eabi/lib/thumb/v7e-m+dp/hard\libc_nano.a(lib_a-nano-freer.o)
                0x0000000008008908                _free_r
 .text._malloc_r
                0x00000000080089a8       0xb4 c:/st/stm32cubeide_1.7.0/stm32cubeide/plugins/com.st.stm32cube.ide.mcu.externaltools.gnu-tools-for-stm32.9-2020-q2-update.win32_2.0.0.202105311346/tools/bin/../lib/gcc/arm-none-eabi/9.3.1/../../../../arm-none-eabi/lib/thumb/v7e-m+dp/hard\libc_nano.a(lib_a-nano-mallocr.o)
                0x00000000080089a8                _malloc_r
 .text.__cvt    0x0000000008008a5c       0xa4 c:/st/stm32cubeide_1.7.0/stm32cubeide/plugins/com.st.stm32cube.ide.mcu.externaltools.gnu-tools-for-stm32.9-2020-q2-update.win32_2.0.0.202105311346/tools/bin/../lib/gcc/arm-none-eabi/9.3.1/../../../../arm-none-eabi/lib/thumb/v7e-m+dp/hard\libc_nano.a(lib_a-nano-vfprintf_float.o)
                0x0000000008008a5c                __cvt
 .text.__exponent
                0x0000000008008b00       0x7c c:/st/stm32cubeide_1.7.0/stm32cubeide/plugins/com.st.stm32cube.ide.mcu.externaltools.gnu-tools-for-stm32.9-2020-q2-update.win32_2.0.0.202105311346/tools/bin/../lib/gcc/arm-none-eabi/9.3.1/../../../../arm-none-eabi/lib/thumb/v7e-m+dp/hard\libc_nano.a(lib_a-nano-vfprintf_float.o)
                0x0000000008008b00                __exponent
 *fill*         0x0000000008008b7c        0x4 
 .text._printf_float
                0x0000000008008b80      0x43c c:/st/stm32cubeide_1.7.0/stm32cubeide/plugins/com.st.stm32cube.ide.mcu.externaltools.gnu-tools-for-stm32.9-2020-q2-update.win32_2.0.0.202105311346/tools/bin/../lib/gcc/arm-none-eabi/9.3.1/../../../../arm-none-eabi/lib/thumb/v7e-m+dp/hard\libc_nano.a(lib_a-nano-vfprintf_float.o)
                0x0000000008008b80                _printf_float
 .text._printf_common
                0x0000000008008fbc       0xda c:/st/stm32cubeide_1.7.0/stm32cubeide/plugins/com.st.stm32cube.ide.mcu.externaltools.gnu-tools-for-stm32.9-2020-q2-update.win32_2.0.0.202105311346/tools/bin/../lib/gcc/arm-none-eabi/9.3.1/../../../../arm-none-eabi/lib/thumb/v7e-m+dp/hard\libc_nano.a(lib_a-nano-vfprintf_i.o)
                0x0000000008008fbc                _printf_common
 *fill*         0x0000000008009096        0x2 
 .text._printf_i
                0x0000000008009098      0x24c c:/st/stm32cubeide_1.7.0/stm32cubeide/plugins/com.st.stm32cube.ide.mcu.externaltools.gnu-tools-for-stm32.9-2020-q2-update.win32_2.0.0.202105311346/tools/bin/../lib/gcc/arm-none-eabi/9.3.1/../../../../arm-none-eabi/lib/thumb/v7e-m+dp/hard\libc_nano.a(lib_a-nano-vfprintf_i.o)
                0x0000000008009098                _printf_i
 .text.printf   0x00000000080092e4       0x30 c:/st/stm32cubeide_1.7.0/stm32cubeide/plugins/com.st.stm32cube.ide.mcu.externaltools.gnu-tools-for-stm32.9-2020-q2-update.win32_2.0.0.202105311346/tools/bin/../lib/gcc/arm-none-eabi/9.3.1/../../../../arm-none-eabi/lib/thumb/v7e-m+dp/hard\libc_nano.a(lib_a-printf.o)
                0x00000000080092e4                iprintf
                0x00000000080092e4                printf
 .text._puts_r  0x0000000008009314       0xdc c:/st/stm32cubeide_1.7.0/stm32cubeide/plugins/com.st.stm32cube.ide.mcu.externaltools.gnu-tools-for-stm32.9-2020-q2-update.win32_2.0.0.202105311346/tools/bin/../lib/gcc/arm-none-eabi/9.3.1/../../../../arm-none-eabi/lib/thumb/v7e-m+dp/hard\libc_nano.a(lib_a-puts.o)
                0x0000000008009314                _puts_r
 .text.puts     0x00000000080093f0       0x10 c:/st/stm32cubeide_1.7.0/stm32cubeide/plugins/com.st.stm32cube.ide.mcu.externaltools.gnu-tools-for-stm32.9-2020-q2-update.win32_2.0.0.202105311346/tools/bin/../lib/gcc/arm-none-eabi/9.3.1/../../../../arm-none-eabi/lib/thumb/v7e-m+dp/hard\libc_nano.a(lib_a-puts.o)
                0x00000000080093f0                puts
 .text.rand     0x0000000008009400       0x80 c:/st/stm32cubeide_1.7.0/stm32cubeide/plugins/com.st.stm32cube.ide.mcu.externaltools.gnu-tools-for-stm32.9-2020-q2-update.win32_2.0.0.202105311346/tools/bin/../lib/gcc/arm-none-eabi/9.3.1/../../../../arm-none-eabi/lib/thumb/v7e-m+dp/hard\libc_nano.a(lib_a-rand.o)
                0x0000000008009400                rand
 .text._sbrk_r  0x0000000008009480       0x20 c:/st/stm32cubeide_1.7.0/stm32cubeide/plugins/com.st.stm32cube.ide.mcu.externaltools.gnu-tools-for-stm32.9-2020-q2-update.win32_2.0.0.202105311346/tools/bin/../lib/gcc/arm-none-eabi/9.3.1/../../../../arm-none-eabi/lib/thumb/v7e-m+dp/hard\libc_nano.a(lib_a-sbrkr.o)
                0x0000000008009480                _sbrk_r
 .text.__swbuf_r
                0x00000000080094a0       0xa4 c:/st/stm32cubeide_1.7.0/stm32cubeide/plugins/com.st.stm32cube.ide.mcu.externaltools.gnu-tools-for-stm32.9-2020-q2-update.win32_2.0.0.202105311346/tools/bin/../lib/gcc/arm-none-eabi/9.3.1/../../../../arm-none-eabi/lib/thumb/v7e-m+dp/hard\libc_nano.a(lib_a-wbuf.o)
                0x00000000080094a0                __swbuf_r
 .text.__swsetup_r
                0x0000000008009544       0xdc c:/st/stm32cubeide_1.7.0/stm32cubeide/plugins/com.st.stm32cube.ide.mcu.externaltools.gnu-tools-for-stm32.9-2020-q2-update.win32_2.0.0.202105311346/tools/bin/../lib/gcc/arm-none-eabi/9.3.1/../../../../arm-none-eabi/lib/thumb/v7e-m+dp/hard\libc_nano.a(lib_a-wsetup.o)
                0x0000000008009544                __swsetup_r
 .text.__assert_func
                0x0000000008009620       0x3c c:/st/stm32cubeide_1.7.0/stm32cubeide/plugins/com.st.stm32cube.ide.mcu.externaltools.gnu-tools-for-stm32.9-2020-q2-update.win32_2.0.0.202105311346/tools/bin/../lib/gcc/arm-none-eabi/9.3.1/../../../../arm-none-eabi/lib/thumb/v7e-m+dp/hard\libc_nano.a(lib_a-assert.o)
                0x0000000008009620                __assert_func
 .text.quorem   0x000000000800965c      0x116 c:/st/stm32cubeide_1.7.0/stm32cubeide/plugins/com.st.stm32cube.ide.mcu.externaltools.gnu-tools-for-stm32.9-2020-q2-update.win32_2.0.0.202105311346/tools/bin/../lib/gcc/arm-none-eabi/9.3.1/../../../../arm-none-eabi/lib/thumb/v7e-m+dp/hard\libc_nano.a(lib_a-dtoa.o)
 *fill*         0x0000000008009772        0x6 
 .text._dtoa_r  0x0000000008009778      0xb04 c:/st/stm32cubeide_1.7.0/stm32cubeide/plugins/com.st.stm32cube.ide.mcu.externaltools.gnu-tools-for-stm32.9-2020-q2-update.win32_2.0.0.202105311346/tools/bin/../lib/gcc/arm-none-eabi/9.3.1/../../../../arm-none-eabi/lib/thumb/v7e-m+dp/hard\libc_nano.a(lib_a-dtoa.o)
                0x0000000008009778                _dtoa_r
 .text.__sflush_r
                0x000000000800a27c      0x10c c:/st/stm32cubeide_1.7.0/stm32cubeide/plugins/com.st.stm32cube.ide.mcu.externaltools.gnu-tools-for-stm32.9-2020-q2-update.win32_2.0.0.202105311346/tools/bin/../lib/gcc/arm-none-eabi/9.3.1/../../../../arm-none-eabi/lib/thumb/v7e-m+dp/hard\libc_nano.a(lib_a-fflush.o)
                0x000000000800a27c                __sflush_r
 .text._fflush_r
                0x000000000800a388       0x78 c:/st/stm32cubeide_1.7.0/stm32cubeide/plugins/com.st.stm32cube.ide.mcu.externaltools.gnu-tools-for-stm32.9-2020-q2-update.win32_2.0.0.202105311346/tools/bin/../lib/gcc/arm-none-eabi/9.3.1/../../../../arm-none-eabi/lib/thumb/v7e-m+dp/hard\libc_nano.a(lib_a-fflush.o)
                0x000000000800a388                _fflush_r
 .text.std      0x000000000800a400       0x48 c:/st/stm32cubeide_1.7.0/stm32cubeide/plugins/com.st.stm32cube.ide.mcu.externaltools.gnu-tools-for-stm32.9-2020-q2-update.win32_2.0.0.202105311346/tools/bin/../lib/gcc/arm-none-eabi/9.3.1/../../../../arm-none-eabi/lib/thumb/v7e-m+dp/hard\libc_nano.a(lib_a-findfp.o)
 .text._cleanup_r
                0x000000000800a448        0xc c:/st/stm32cubeide_1.7.0/stm32cubeide/plugins/com.st.stm32cube.ide.mcu.externaltools.gnu-tools-for-stm32.9-2020-q2-update.win32_2.0.0.202105311346/tools/bin/../lib/gcc/arm-none-eabi/9.3.1/../../../../arm-none-eabi/lib/thumb/v7e-m+dp/hard\libc_nano.a(lib_a-findfp.o)
                0x000000000800a448                _cleanup_r
 .text.__sfmoreglue
                0x000000000800a454       0x2c c:/st/stm32cubeide_1.7.0/stm32cubeide/plugins/com.st.stm32cube.ide.mcu.externaltools.gnu-tools-for-stm32.9-2020-q2-update.win32_2.0.0.202105311346/tools/bin/../lib/gcc/arm-none-eabi/9.3.1/../../../../arm-none-eabi/lib/thumb/v7e-m+dp/hard\libc_nano.a(lib_a-findfp.o)
                0x000000000800a454                __sfmoreglue
 .text.__sfp_lock_acquire
                0x000000000800a480        0xc c:/st/stm32cubeide_1.7.0/stm32cubeide/plugins/com.st.stm32cube.ide.mcu.externaltools.gnu-tools-for-stm32.9-2020-q2-update.win32_2.0.0.202105311346/tools/bin/../lib/gcc/arm-none-eabi/9.3.1/../../../../arm-none-eabi/lib/thumb/v7e-m+dp/hard\libc_nano.a(lib_a-findfp.o)
                0x000000000800a480                __sfp_lock_acquire
 .text.__sfp_lock_release
                0x000000000800a48c        0xc c:/st/stm32cubeide_1.7.0/stm32cubeide/plugins/com.st.stm32cube.ide.mcu.externaltools.gnu-tools-for-stm32.9-2020-q2-update.win32_2.0.0.202105311346/tools/bin/../lib/gcc/arm-none-eabi/9.3.1/../../../../arm-none-eabi/lib/thumb/v7e-m+dp/hard\libc_nano.a(lib_a-findfp.o)
                0x000000000800a48c                __sfp_lock_release
 .text.__sinit_lock_acquire
                0x000000000800a498        0xc c:/st/stm32cubeide_1.7.0/stm32cubeide/plugins/com.st.stm32cube.ide.mcu.externaltools.gnu-tools-for-stm32.9-2020-q2-update.win32_2.0.0.202105311346/tools/bin/../lib/gcc/arm-none-eabi/9.3.1/../../../../arm-none-eabi/lib/thumb/v7e-m+dp/hard\libc_nano.a(lib_a-findfp.o)
                0x000000000800a498                __sinit_lock_acquire
 .text.__sinit_lock_release
                0x000000000800a4a4        0xc c:/st/stm32cubeide_1.7.0/stm32cubeide/plugins/com.st.stm32cube.ide.mcu.externaltools.gnu-tools-for-stm32.9-2020-q2-update.win32_2.0.0.202105311346/tools/bin/../lib/gcc/arm-none-eabi/9.3.1/../../../../arm-none-eabi/lib/thumb/v7e-m+dp/hard\libc_nano.a(lib_a-findfp.o)
                0x000000000800a4a4                __sinit_lock_release
 .text.__sinit  0x000000000800a4b0       0x70 c:/st/stm32cubeide_1.7.0/stm32cubeide/plugins/com.st.stm32cube.ide.mcu.externaltools.gnu-tools-for-stm32.9-2020-q2-update.win32_2.0.0.202105311346/tools/bin/../lib/gcc/arm-none-eabi/9.3.1/../../../../arm-none-eabi/lib/thumb/v7e-m+dp/hard\libc_nano.a(lib_a-findfp.o)
                0x000000000800a4b0                __sinit
 .text.__sfp    0x000000000800a520       0x8c c:/st/stm32cubeide_1.7.0/stm32cubeide/plugins/com.st.stm32cube.ide.mcu.externaltools.gnu-tools-for-stm32.9-2020-q2-update.win32_2.0.0.202105311346/tools/bin/../lib/gcc/arm-none-eabi/9.3.1/../../../../arm-none-eabi/lib/thumb/v7e-m+dp/hard\libc_nano.a(lib_a-findfp.o)
                0x000000000800a520                __sfp
 .text.fprintf  0x000000000800a5ac       0x24 c:/st/stm32cubeide_1.7.0/stm32cubeide/plugins/com.st.stm32cube.ide.mcu.externaltools.gnu-tools-for-stm32.9-2020-q2-update.win32_2.0.0.202105311346/tools/bin/../lib/gcc/arm-none-eabi/9.3.1/../../../../arm-none-eabi/lib/thumb/v7e-m+dp/hard\libc_nano.a(lib_a-fprintf.o)
                0x000000000800a5ac                fiprintf
                0x000000000800a5ac                fprintf
 .text._fwalk_reent
                0x000000000800a5d0       0x3e c:/st/stm32cubeide_1.7.0/stm32cubeide/plugins/com.st.stm32cube.ide.mcu.externaltools.gnu-tools-for-stm32.9-2020-q2-update.win32_2.0.0.202105311346/tools/bin/../lib/gcc/arm-none-eabi/9.3.1/../../../../arm-none-eabi/lib/thumb/v7e-m+dp/hard\libc_nano.a(lib_a-fwalk.o)
                0x000000000800a5d0                _fwalk_reent
 *fill*         0x000000000800a60e        0x2 
 .text._localeconv_r
                0x000000000800a610        0x8 c:/st/stm32cubeide_1.7.0/stm32cubeide/plugins/com.st.stm32cube.ide.mcu.externaltools.gnu-tools-for-stm32.9-2020-q2-update.win32_2.0.0.202105311346/tools/bin/../lib/gcc/arm-none-eabi/9.3.1/../../../../arm-none-eabi/lib/thumb/v7e-m+dp/hard\libc_nano.a(lib_a-localeconv.o)
                0x000000000800a610                _localeconv_r
 .text.__retarget_lock_init_recursive
                0x000000000800a618        0x2 c:/st/stm32cubeide_1.7.0/stm32cubeide/plugins/com.st.stm32cube.ide.mcu.externaltools.gnu-tools-for-stm32.9-2020-q2-update.win32_2.0.0.202105311346/tools/bin/../lib/gcc/arm-none-eabi/9.3.1/../../../../arm-none-eabi/lib/thumb/v7e-m+dp/hard\libc_nano.a(lib_a-lock.o)
                0x000000000800a618                __retarget_lock_init_recursive
 .text.__retarget_lock_acquire_recursive
                0x000000000800a61a        0x2 c:/st/stm32cubeide_1.7.0/stm32cubeide/plugins/com.st.stm32cube.ide.mcu.externaltools.gnu-tools-for-stm32.9-2020-q2-update.win32_2.0.0.202105311346/tools/bin/../lib/gcc/arm-none-eabi/9.3.1/../../../../arm-none-eabi/lib/thumb/v7e-m+dp/hard\libc_nano.a(lib_a-lock.o)
                0x000000000800a61a                __retarget_lock_acquire_recursive
 .text.__retarget_lock_release_recursive
                0x000000000800a61c        0x2 c:/st/stm32cubeide_1.7.0/stm32cubeide/plugins/com.st.stm32cube.ide.mcu.externaltools.gnu-tools-for-stm32.9-2020-q2-update.win32_2.0.0.202105311346/tools/bin/../lib/gcc/arm-none-eabi/9.3.1/../../../../arm-none-eabi/lib/thumb/v7e-m+dp/hard\libc_nano.a(lib_a-lock.o)
                0x000000000800a61c                __retarget_lock_release_recursive
 .text.__swhatbuf_r
                0x000000000800a61e       0x48 c:/st/stm32cubeide_1.7.0/stm32cubeide/plugins/com.st.stm32cube.ide.mcu.externaltools.gnu-tools-for-stm32.9-2020-q2-update.win32_2.0.0.202105311346/tools/bin/../lib/gcc/arm-none-eabi/9.3.1/../../../../arm-none-eabi/lib/thumb/v7e-m+dp/hard\libc_nano.a(lib_a-makebuf.o)
                0x000000000800a61e                __swhatbuf_r
 *fill*         0x000000000800a666        0x2 
 .text.__smakebuf_r
                0x000000000800a668       0x80 c:/st/stm32cubeide_1.7.0/stm32cubeide/plugins/com.st.stm32cube.ide.mcu.externaltools.gnu-tools-for-stm32.9-2020-q2-update.win32_2.0.0.202105311346/tools/bin/../lib/gcc/arm-none-eabi/9.3.1/../../../../arm-none-eabi/lib/thumb/v7e-m+dp/hard\libc_nano.a(lib_a-makebuf.o)
                0x000000000800a668                __smakebuf_r
 .text.memcpy   0x000000000800a6e8       0x1c c:/st/stm32cubeide_1.7.0/stm32cubeide/plugins/com.st.stm32cube.ide.mcu.externaltools.gnu-tools-for-stm32.9-2020-q2-update.win32_2.0.0.202105311346/tools/bin/../lib/gcc/arm-none-eabi/9.3.1/../../../../arm-none-eabi/lib/thumb/v7e-m+dp/hard\libc_nano.a(lib_a-memcpy-stub.o)
                0x000000000800a6e8                memcpy
 .text.__malloc_lock
                0x000000000800a704        0xc c:/st/stm32cubeide_1.7.0/stm32cubeide/plugins/com.st.stm32cube.ide.mcu.externaltools.gnu-tools-for-stm32.9-2020-q2-update.win32_2.0.0.202105311346/tools/bin/../lib/gcc/arm-none-eabi/9.3.1/../../../../arm-none-eabi/lib/thumb/v7e-m+dp/hard\libc_nano.a(lib_a-mlock.o)
                0x000000000800a704                __malloc_lock
 .text.__malloc_unlock
                0x000000000800a710        0xc c:/st/stm32cubeide_1.7.0/stm32cubeide/plugins/com.st.stm32cube.ide.mcu.externaltools.gnu-tools-for-stm32.9-2020-q2-update.win32_2.0.0.202105311346/tools/bin/../lib/gcc/arm-none-eabi/9.3.1/../../../../arm-none-eabi/lib/thumb/v7e-m+dp/hard\libc_nano.a(lib_a-mlock.o)
                0x000000000800a710                __malloc_unlock
 .text._Balloc  0x000000000800a71c       0x80 c:/st/stm32cubeide_1.7.0/stm32cubeide/plugins/com.st.stm32cube.ide.mcu.externaltools.gnu-tools-for-stm32.9-2020-q2-update.win32_2.0.0.202105311346/tools/bin/../lib/gcc/arm-none-eabi/9.3.1/../../../../arm-none-eabi/lib/thumb/v7e-m+dp/hard\libc_nano.a(lib_a-mprec.o)
                0x000000000800a71c                _Balloc
 .text._Bfree   0x000000000800a79c       0x44 c:/st/stm32cubeide_1.7.0/stm32cubeide/plugins/com.st.stm32cube.ide.mcu.externaltools.gnu-tools-for-stm32.9-2020-q2-update.win32_2.0.0.202105311346/tools/bin/../lib/gcc/arm-none-eabi/9.3.1/../../../../arm-none-eabi/lib/thumb/v7e-m+dp/hard\libc_nano.a(lib_a-mprec.o)
                0x000000000800a79c                _Bfree
 .text.__multadd
                0x000000000800a7e0       0x94 c:/st/stm32cubeide_1.7.0/stm32cubeide/plugins/com.st.stm32cube.ide.mcu.externaltools.gnu-tools-for-stm32.9-2020-q2-update.win32_2.0.0.202105311346/tools/bin/../lib/gcc/arm-none-eabi/9.3.1/../../../../arm-none-eabi/lib/thumb/v7e-m+dp/hard\libc_nano.a(lib_a-mprec.o)
                0x000000000800a7e0                __multadd
 .text.__hi0bits
                0x000000000800a874       0x40 c:/st/stm32cubeide_1.7.0/stm32cubeide/plugins/com.st.stm32cube.ide.mcu.externaltools.gnu-tools-for-stm32.9-2020-q2-update.win32_2.0.0.202105311346/tools/bin/../lib/gcc/arm-none-eabi/9.3.1/../../../../arm-none-eabi/lib/thumb/v7e-m+dp/hard\libc_nano.a(lib_a-mprec.o)
                0x000000000800a874                __hi0bits
 .text.__lo0bits
                0x000000000800a8b4       0x60 c:/st/stm32cubeide_1.7.0/stm32cubeide/plugins/com.st.stm32cube.ide.mcu.externaltools.gnu-tools-for-stm32.9-2020-q2-update.win32_2.0.0.202105311346/tools/bin/../lib/gcc/arm-none-eabi/9.3.1/../../../../arm-none-eabi/lib/thumb/v7e-m+dp/hard\libc_nano.a(lib_a-mprec.o)
                0x000000000800a8b4                __lo0bits
 .text.__i2b    0x000000000800a914       0x2c c:/st/stm32cubeide_1.7.0/stm32cubeide/plugins/com.st.stm32cube.ide.mcu.externaltools.gnu-tools-for-stm32.9-2020-q2-update.win32_2.0.0.202105311346/tools/bin/../lib/gcc/arm-none-eabi/9.3.1/../../../../arm-none-eabi/lib/thumb/v7e-m+dp/hard\libc_nano.a(lib_a-mprec.o)
                0x000000000800a914                __i2b
 .text.__multiply
                0x000000000800a940      0x14c c:/st/stm32cubeide_1.7.0/stm32cubeide/plugins/com.st.stm32cube.ide.mcu.externaltools.gnu-tools-for-stm32.9-2020-q2-update.win32_2.0.0.202105311346/tools/bin/../lib/gcc/arm-none-eabi/9.3.1/../../../../arm-none-eabi/lib/thumb/v7e-m+dp/hard\libc_nano.a(lib_a-mprec.o)
                0x000000000800a940                __multiply
 .text.__pow5mult
                0x000000000800aa8c       0xb4 c:/st/stm32cubeide_1.7.0/stm32cubeide/plugins/com.st.stm32cube.ide.mcu.externaltools.gnu-tools-for-stm32.9-2020-q2-update.win32_2.0.0.202105311346/tools/bin/../lib/gcc/arm-none-eabi/9.3.1/../../../../arm-none-eabi/lib/thumb/v7e-m+dp/hard\libc_nano.a(lib_a-mprec.o)
                0x000000000800aa8c                __pow5mult
 .text.__lshift
                0x000000000800ab40       0xd8 c:/st/stm32cubeide_1.7.0/stm32cubeide/plugins/com.st.stm32cube.ide.mcu.externaltools.gnu-tools-for-stm32.9-2020-q2-update.win32_2.0.0.202105311346/tools/bin/../lib/gcc/arm-none-eabi/9.3.1/../../../../arm-none-eabi/lib/thumb/v7e-m+dp/hard\libc_nano.a(lib_a-mprec.o)
                0x000000000800ab40                __lshift
 .text.__mcmp   0x000000000800ac18       0x38 c:/st/stm32cubeide_1.7.0/stm32cubeide/plugins/com.st.stm32cube.ide.mcu.externaltools.gnu-tools-for-stm32.9-2020-q2-update.win32_2.0.0.202105311346/tools/bin/../lib/gcc/arm-none-eabi/9.3.1/../../../../arm-none-eabi/lib/thumb/v7e-m+dp/hard\libc_nano.a(lib_a-mprec.o)
                0x000000000800ac18                __mcmp
 .text.__mdiff  0x000000000800ac50      0x110 c:/st/stm32cubeide_1.7.0/stm32cubeide/plugins/com.st.stm32cube.ide.mcu.externaltools.gnu-tools-for-stm32.9-2020-q2-update.win32_2.0.0.202105311346/tools/bin/../lib/gcc/arm-none-eabi/9.3.1/../../../../arm-none-eabi/lib/thumb/v7e-m+dp/hard\libc_nano.a(lib_a-mprec.o)
                0x000000000800ac50                __mdiff
 .text.__d2b    0x000000000800ad60       0xb8 c:/st/stm32cubeide_1.7.0/stm32cubeide/plugins/com.st.stm32cube.ide.mcu.externaltools.gnu-tools-for-stm32.9-2020-q2-update.win32_2.0.0.202105311346/tools/bin/../lib/gcc/arm-none-eabi/9.3.1/../../../../arm-none-eabi/lib/thumb/v7e-m+dp/hard\libc_nano.a(lib_a-mprec.o)
                0x000000000800ad60                __d2b
 .text._calloc_r
                0x000000000800ae18       0x1e c:/st/stm32cubeide_1.7.0/stm32cubeide/plugins/com.st.stm32cube.ide.mcu.externaltools.gnu-tools-for-stm32.9-2020-q2-update.win32_2.0.0.202105311346/tools/bin/../lib/gcc/arm-none-eabi/9.3.1/../../../../arm-none-eabi/lib/thumb/v7e-m+dp/hard\libc_nano.a(lib_a-nano-callocr.o)
                0x000000000800ae18                _calloc_r
 .text.__sfputc_r
                0x000000000800ae36       0x2e c:/st/stm32cubeide_1.7.0/stm32cubeide/plugins/com.st.stm32cube.ide.mcu.externaltools.gnu-tools-for-stm32.9-2020-q2-update.win32_2.0.0.202105311346/tools/bin/../lib/gcc/arm-none-eabi/9.3.1/../../../../arm-none-eabi/lib/thumb/v7e-m+dp/hard\libc_nano.a(lib_a-nano-vfprintf.o)
 .text.__sfputs_r
                0x000000000800ae64       0x24 c:/st/stm32cubeide_1.7.0/stm32cubeide/plugins/com.st.stm32cube.ide.mcu.externaltools.gnu-tools-for-stm32.9-2020-q2-update.win32_2.0.0.202105311346/tools/bin/../lib/gcc/arm-none-eabi/9.3.1/../../../../arm-none-eabi/lib/thumb/v7e-m+dp/hard\libc_nano.a(lib_a-nano-vfprintf.o)
                0x000000000800ae64                __sfputs_r
 .text._vfprintf_r
                0x000000000800ae88      0x260 c:/st/stm32cubeide_1.7.0/stm32cubeide/plugins/com.st.stm32cube.ide.mcu.externaltools.gnu-tools-for-stm32.9-2020-q2-update.win32_2.0.0.202105311346/tools/bin/../lib/gcc/arm-none-eabi/9.3.1/../../../../arm-none-eabi/lib/thumb/v7e-m+dp/hard\libc_nano.a(lib_a-nano-vfprintf.o)
                0x000000000800ae88                _vfprintf_r
                0x000000000800ae88                _vfiprintf_r
 .text.__sread  0x000000000800b0e8       0x22 c:/st/stm32cubeide_1.7.0/stm32cubeide/plugins/com.st.stm32cube.ide.mcu.externaltools.gnu-tools-for-stm32.9-2020-q2-update.win32_2.0.0.202105311346/tools/bin/../lib/gcc/arm-none-eabi/9.3.1/../../../../arm-none-eabi/lib/thumb/v7e-m+dp/hard\libc_nano.a(lib_a-stdio.o)
                0x000000000800b0e8                __sread
 .text.__swrite
                0x000000000800b10a       0x38 c:/st/stm32cubeide_1.7.0/stm32cubeide/plugins/com.st.stm32cube.ide.mcu.externaltools.gnu-tools-for-stm32.9-2020-q2-update.win32_2.0.0.202105311346/tools/bin/../lib/gcc/arm-none-eabi/9.3.1/../../../../arm-none-eabi/lib/thumb/v7e-m+dp/hard\libc_nano.a(lib_a-stdio.o)
                0x000000000800b10a                __swrite
 .text.__sseek  0x000000000800b142       0x24 c:/st/stm32cubeide_1.7.0/stm32cubeide/plugins/com.st.stm32cube.ide.mcu.externaltools.gnu-tools-for-stm32.9-2020-q2-update.win32_2.0.0.202105311346/tools/bin/../lib/gcc/arm-none-eabi/9.3.1/../../../../arm-none-eabi/lib/thumb/v7e-m+dp/hard\libc_nano.a(lib_a-stdio.o)
                0x000000000800b142                __sseek
 .text.__sclose
                0x000000000800b166        0x8 c:/st/stm32cubeide_1.7.0/stm32cubeide/plugins/com.st.stm32cube.ide.mcu.externaltools.gnu-tools-for-stm32.9-2020-q2-update.win32_2.0.0.202105311346/tools/bin/../lib/gcc/arm-none-eabi/9.3.1/../../../../arm-none-eabi/lib/thumb/v7e-m+dp/hard\libc_nano.a(lib_a-stdio.o)
                0x000000000800b166                __sclose
 *fill*         0x000000000800b16e        0x2 
 .text._write_r
                0x000000000800b170       0x24 c:/st/stm32cubeide_1.7.0/stm32cubeide/plugins/com.st.stm32cube.ide.mcu.externaltools.gnu-tools-for-stm32.9-2020-q2-update.win32_2.0.0.202105311346/tools/bin/../lib/gcc/arm-none-eabi/9.3.1/../../../../arm-none-eabi/lib/thumb/v7e-m+dp/hard\libc_nano.a(lib_a-writer.o)
                0x000000000800b170                _write_r
 .text.abort    0x000000000800b194        0xe c:/st/stm32cubeide_1.7.0/stm32cubeide/plugins/com.st.stm32cube.ide.mcu.externaltools.gnu-tools-for-stm32.9-2020-q2-update.win32_2.0.0.202105311346/tools/bin/../lib/gcc/arm-none-eabi/9.3.1/../../../../arm-none-eabi/lib/thumb/v7e-m+dp/hard\libc_nano.a(lib_a-abort.o)
                0x000000000800b194                abort
 *fill*         0x000000000800b1a2        0x2 
 .text._close_r
                0x000000000800b1a4       0x20 c:/st/stm32cubeide_1.7.0/stm32cubeide/plugins/com.st.stm32cube.ide.mcu.externaltools.gnu-tools-for-stm32.9-2020-q2-update.win32_2.0.0.202105311346/tools/bin/../lib/gcc/arm-none-eabi/9.3.1/../../../../arm-none-eabi/lib/thumb/v7e-m+dp/hard\libc_nano.a(lib_a-closer.o)
                0x000000000800b1a4                _close_r
 .text._fstat_r
                0x000000000800b1c4       0x24 c:/st/stm32cubeide_1.7.0/stm32cubeide/plugins/com.st.stm32cube.ide.mcu.externaltools.gnu-tools-for-stm32.9-2020-q2-update.win32_2.0.0.202105311346/tools/bin/../lib/gcc/arm-none-eabi/9.3.1/../../../../arm-none-eabi/lib/thumb/v7e-m+dp/hard\libc_nano.a(lib_a-fstatr.o)
                0x000000000800b1c4                _fstat_r
 .text._isatty_r
                0x000000000800b1e8       0x20 c:/st/stm32cubeide_1.7.0/stm32cubeide/plugins/com.st.stm32cube.ide.mcu.externaltools.gnu-tools-for-stm32.9-2020-q2-update.win32_2.0.0.202105311346/tools/bin/../lib/gcc/arm-none-eabi/9.3.1/../../../../arm-none-eabi/lib/thumb/v7e-m+dp/hard\libc_nano.a(lib_a-isattyr.o)
                0x000000000800b1e8                _isatty_r
 .text._lseek_r
                0x000000000800b208       0x24 c:/st/stm32cubeide_1.7.0/stm32cubeide/plugins/com.st.stm32cube.ide.mcu.externaltools.gnu-tools-for-stm32.9-2020-q2-update.win32_2.0.0.202105311346/tools/bin/../lib/gcc/arm-none-eabi/9.3.1/../../../../arm-none-eabi/lib/thumb/v7e-m+dp/hard\libc_nano.a(lib_a-lseekr.o)
                0x000000000800b208                _lseek_r
 .text.__ascii_mbtowc
                0x000000000800b22c       0x24 c:/st/stm32cubeide_1.7.0/stm32cubeide/plugins/com.st.stm32cube.ide.mcu.externaltools.gnu-tools-for-stm32.9-2020-q2-update.win32_2.0.0.202105311346/tools/bin/../lib/gcc/arm-none-eabi/9.3.1/../../../../arm-none-eabi/lib/thumb/v7e-m+dp/hard\libc_nano.a(lib_a-mbtowc_r.o)
                0x000000000800b22c                __ascii_mbtowc
 .text._read_r  0x000000000800b250       0x24 c:/st/stm32cubeide_1.7.0/stm32cubeide/plugins/com.st.stm32cube.ide.mcu.externaltools.gnu-tools-for-stm32.9-2020-q2-update.win32_2.0.0.202105311346/tools/bin/../lib/gcc/arm-none-eabi/9.3.1/../../../../arm-none-eabi/lib/thumb/v7e-m+dp/hard\libc_nano.a(lib_a-readr.o)
                0x000000000800b250                _read_r
 .text._raise_r
                0x000000000800b274       0x50 c:/st/stm32cubeide_1.7.0/stm32cubeide/plugins/com.st.stm32cube.ide.mcu.externaltools.gnu-tools-for-stm32.9-2020-q2-update.win32_2.0.0.202105311346/tools/bin/../lib/gcc/arm-none-eabi/9.3.1/../../../../arm-none-eabi/lib/thumb/v7e-m+dp/hard\libc_nano.a(lib_a-signal.o)
                0x000000000800b274                _raise_r
 .text.raise    0x000000000800b2c4       0x10 c:/st/stm32cubeide_1.7.0/stm32cubeide/plugins/com.st.stm32cube.ide.mcu.externaltools.gnu-tools-for-stm32.9-2020-q2-update.win32_2.0.0.202105311346/tools/bin/../lib/gcc/arm-none-eabi/9.3.1/../../../../arm-none-eabi/lib/thumb/v7e-m+dp/hard\libc_nano.a(lib_a-signal.o)
                0x000000000800b2c4                raise
 .text._kill_r  0x000000000800b2d4       0x24 c:/st/stm32cubeide_1.7.0/stm32cubeide/plugins/com.st.stm32cube.ide.mcu.externaltools.gnu-tools-for-stm32.9-2020-q2-update.win32_2.0.0.202105311346/tools/bin/../lib/gcc/arm-none-eabi/9.3.1/../../../../arm-none-eabi/lib/thumb/v7e-m+dp/hard\libc_nano.a(lib_a-signalr.o)
                0x000000000800b2d4                _kill_r
 .text._getpid_r
                0x000000000800b2f8        0x4 c:/st/stm32cubeide_1.7.0/stm32cubeide/plugins/com.st.stm32cube.ide.mcu.externaltools.gnu-tools-for-stm32.9-2020-q2-update.win32_2.0.0.202105311346/tools/bin/../lib/gcc/arm-none-eabi/9.3.1/../../../../arm-none-eabi/lib/thumb/v7e-m+dp/hard\libc_nano.a(lib_a-signalr.o)
                0x000000000800b2f8                _getpid_r
 .text.__ascii_wctomb
                0x000000000800b2fc       0x1a c:/st/stm32cubeide_1.7.0/stm32cubeide/plugins/com.st.stm32cube.ide.mcu.externaltools.gnu-tools-for-stm32.9-2020-q2-update.win32_2.0.0.202105311346/tools/bin/../lib/gcc/arm-none-eabi/9.3.1/../../../../arm-none-eabi/lib/thumb/v7e-m+dp/hard\libc_nano.a(lib_a-wctomb_r.o)
                0x000000000800b2fc                __ascii_wctomb
 .text.sinf_poly
                0x000000000800b316       0x54 c:/st/stm32cubeide_1.7.0/stm32cubeide/plugins/com.st.stm32cube.ide.mcu.externaltools.gnu-tools-for-stm32.9-2020-q2-update.win32_2.0.0.202105311346/tools/bin/../lib/gcc/arm-none-eabi/9.3.1/../../../../arm-none-eabi/lib/thumb/v7e-m+dp/hard\libm.a(lib_a-cosf.o)
 *fill*         0x000000000800b36a        0x6 
 .text.cosf     0x000000000800b370      0x128 c:/st/stm32cubeide_1.7.0/stm32cubeide/plugins/com.st.stm32cube.ide.mcu.externaltools.gnu-tools-for-stm32.9-2020-q2-update.win32_2.0.0.202105311346/tools/bin/../lib/gcc/arm-none-eabi/9.3.1/../../../../arm-none-eabi/lib/thumb/v7e-m+dp/hard\libm.a(lib_a-cosf.o)
                0x000000000800b370                cosf
 .text.with_errnof
                0x000000000800b498       0x16 c:/st/stm32cubeide_1.7.0/stm32cubeide/plugins/com.st.stm32cube.ide.mcu.externaltools.gnu-tools-for-stm32.9-2020-q2-update.win32_2.0.0.202105311346/tools/bin/../lib/gcc/arm-none-eabi/9.3.1/../../../../arm-none-eabi/lib/thumb/v7e-m+dp/hard\libm.a(lib_a-math_errf.o)
 .text.xflowf   0x000000000800b4ae       0x16 c:/st/stm32cubeide_1.7.0/stm32cubeide/plugins/com.st.stm32cube.ide.mcu.externaltools.gnu-tools-for-stm32.9-2020-q2-update.win32_2.0.0.202105311346/tools/bin/../lib/gcc/arm-none-eabi/9.3.1/../../../../arm-none-eabi/lib/thumb/v7e-m+dp/hard\libm.a(lib_a-math_errf.o)
 .text.__math_uflowf
                0x000000000800b4c4        0xc c:/st/stm32cubeide_1.7.0/stm32cubeide/plugins/com.st.stm32cube.ide.mcu.externaltools.gnu-tools-for-stm32.9-2020-q2-update.win32_2.0.0.202105311346/tools/bin/../lib/gcc/arm-none-eabi/9.3.1/../../../../arm-none-eabi/lib/thumb/v7e-m+dp/hard\libm.a(lib_a-math_errf.o)
                0x000000000800b4c4                __math_uflowf
 .text.__math_may_uflowf
                0x000000000800b4d0        0xc c:/st/stm32cubeide_1.7.0/stm32cubeide/plugins/com.st.stm32cube.ide.mcu.externaltools.gnu-tools-for-stm32.9-2020-q2-update.win32_2.0.0.202105311346/tools/bin/../lib/gcc/arm-none-eabi/9.3.1/../../../../arm-none-eabi/lib/thumb/v7e-m+dp/hard\libm.a(lib_a-math_errf.o)
                0x000000000800b4d0                __math_may_uflowf
 .text.__math_oflowf
                0x000000000800b4dc        0xc c:/st/stm32cubeide_1.7.0/stm32cubeide/plugins/com.st.stm32cube.ide.mcu.externaltools.gnu-tools-for-stm32.9-2020-q2-update.win32_2.0.0.202105311346/tools/bin/../lib/gcc/arm-none-eabi/9.3.1/../../../../arm-none-eabi/lib/thumb/v7e-m+dp/hard\libm.a(lib_a-math_errf.o)
                0x000000000800b4dc                __math_oflowf
 .text.__math_invalidf
                0x000000000800b4e8       0x1e c:/st/stm32cubeide_1.7.0/stm32cubeide/plugins/com.st.stm32cube.ide.mcu.externaltools.gnu-tools-for-stm32.9-2020-q2-update.win32_2.0.0.202105311346/tools/bin/../lib/gcc/arm-none-eabi/9.3.1/../../../../arm-none-eabi/lib/thumb/v7e-m+dp/hard\libm.a(lib_a-math_errf.o)
                0x000000000800b4e8                __math_invalidf
 .text.checkint
                0x000000000800b506       0x6a c:/st/stm32cubeide_1.7.0/stm32cubeide/plugins/com.st.stm32cube.ide.mcu.externaltools.gnu-tools-for-stm32.9-2020-q2-update.win32_2.0.0.202105311346/tools/bin/../lib/gcc/arm-none-eabi/9.3.1/../../../../arm-none-eabi/lib/thumb/v7e-m+dp/hard\libm.a(lib_a-pow.o)
 .text.pow      0x000000000800b570      0x584 c:/st/stm32cubeide_1.7.0/stm32cubeide/plugins/com.st.stm32cube.ide.mcu.externaltools.gnu-tools-for-stm32.9-2020-q2-update.win32_2.0.0.202105311346/tools/bin/../lib/gcc/arm-none-eabi/9.3.1/../../../../arm-none-eabi/lib/thumb/v7e-m+dp/hard\libm.a(lib_a-pow.o)
                0x000000000800b570                pow
 *fill*         0x000000000800baf4        0x4 
 .text.cos      0x000000000800baf8       0x90 c:/st/stm32cubeide_1.7.0/stm32cubeide/plugins/com.st.stm32cube.ide.mcu.externaltools.gnu-tools-for-stm32.9-2020-q2-update.win32_2.0.0.202105311346/tools/bin/../lib/gcc/arm-none-eabi/9.3.1/../../../../arm-none-eabi/lib/thumb/v7e-m+dp/hard\libm.a(lib_a-s_cos.o)
                0x000000000800baf8                cos
 .text.expf     0x000000000800bb88       0xec c:/st/stm32cubeide_1.7.0/stm32cubeide/plugins/com.st.stm32cube.ide.mcu.externaltools.gnu-tools-for-stm32.9-2020-q2-update.win32_2.0.0.202105311346/tools/bin/../lib/gcc/arm-none-eabi/9.3.1/../../../../arm-none-eabi/lib/thumb/v7e-m+dp/hard\libm.a(lib_a-sf_exp.o)
                0x000000000800bb88                expf
 .text.sinf_poly
                0x000000000800bc74       0x54 c:/st/stm32cubeide_1.7.0/stm32cubeide/plugins/com.st.stm32cube.ide.mcu.externaltools.gnu-tools-for-stm32.9-2020-q2-update.win32_2.0.0.202105311346/tools/bin/../lib/gcc/arm-none-eabi/9.3.1/../../../../arm-none-eabi/lib/thumb/v7e-m+dp/hard\libm.a(lib_a-sinf.o)
 .text.sinf     0x000000000800bcc8      0x140 c:/st/stm32cubeide_1.7.0/stm32cubeide/plugins/com.st.stm32cube.ide.mcu.externaltools.gnu-tools-for-stm32.9-2020-q2-update.win32_2.0.0.202105311346/tools/bin/../lib/gcc/arm-none-eabi/9.3.1/../../../../arm-none-eabi/lib/thumb/v7e-m+dp/hard\libm.a(lib_a-sinf.o)
                0x000000000800bcc8                sinf
 .text.log10    0x000000000800be08       0x70 c:/st/stm32cubeide_1.7.0/stm32cubeide/plugins/com.st.stm32cube.ide.mcu.externaltools.gnu-tools-for-stm32.9-2020-q2-update.win32_2.0.0.202105311346/tools/bin/../lib/gcc/arm-none-eabi/9.3.1/../../../../arm-none-eabi/lib/thumb/v7e-m+dp/hard\libm.a(lib_a-w_log10.o)
                0x000000000800be08                log10
 .text.sqrt     0x000000000800be78       0x54 c:/st/stm32cubeide_1.7.0/stm32cubeide/plugins/com.st.stm32cube.ide.mcu.externaltools.gnu-tools-for-stm32.9-2020-q2-update.win32_2.0.0.202105311346/tools/bin/../lib/gcc/arm-none-eabi/9.3.1/../../../../arm-none-eabi/lib/thumb/v7e-m+dp/hard\libm.a(lib_a-w_sqrt.o)
                0x000000000800be78                sqrt
 .text.acosf    0x000000000800becc       0x64 c:/st/stm32cubeide_1.7.0/stm32cubeide/plugins/com.st.stm32cube.ide.mcu.externaltools.gnu-tools-for-stm32.9-2020-q2-update.win32_2.0.0.202105311346/tools/bin/../lib/gcc/arm-none-eabi/9.3.1/../../../../arm-none-eabi/lib/thumb/v7e-m+dp/hard\libm.a(lib_a-wf_acos.o)
                0x000000000800becc                acosf
 .text.sqrtf    0x000000000800bf30       0x4c c:/st/stm32cubeide_1.7.0/stm32cubeide/plugins/com.st.stm32cube.ide.mcu.externaltools.gnu-tools-for-stm32.9-2020-q2-update.win32_2.0.0.202105311346/tools/bin/../lib/gcc/arm-none-eabi/9.3.1/../../../../arm-none-eabi/lib/thumb/v7e-m+dp/hard\libm.a(lib_a-wf_sqrt.o)
                0x000000000800bf30                sqrtf
 *fill*         0x000000000800bf7c        0x4 
 .text.__ieee754_log10
                0x000000000800bf80       0xec c:/st/stm32cubeide_1.7.0/stm32cubeide/plugins/com.st.stm32cube.ide.mcu.externaltools.gnu-tools-for-stm32.9-2020-q2-update.win32_2.0.0.202105311346/tools/bin/../lib/gcc/arm-none-eabi/9.3.1/../../../../arm-none-eabi/lib/thumb/v7e-m+dp/hard\libm.a(lib_a-e_log10.o)
                0x000000000800bf80                __ieee754_log10
 *fill*         0x000000000800c06c        0x4 
 .text.__ieee754_rem_pio2
                0x000000000800c070      0x280 c:/st/stm32cubeide_1.7.0/stm32cubeide/plugins/com.st.stm32cube.ide.mcu.externaltools.gnu-tools-for-stm32.9-2020-q2-update.win32_2.0.0.202105311346/tools/bin/../lib/gcc/arm-none-eabi/9.3.1/../../../../arm-none-eabi/lib/thumb/v7e-m+dp/hard\libm.a(lib_a-e_rem_pio2.o)
                0x000000000800c070                __ieee754_rem_pio2
 .text.__ieee754_sqrt
                0x000000000800c2f0        0x6 c:/st/stm32cubeide_1.7.0/stm32cubeide/plugins/com.st.stm32cube.ide.mcu.externaltools.gnu-tools-for-stm32.9-2020-q2-update.win32_2.0.0.202105311346/tools/bin/../lib/gcc/arm-none-eabi/9.3.1/../../../../arm-none-eabi/lib/thumb/v7e-m+dp/hard\libm.a(lib_a-e_sqrt.o)
                0x000000000800c2f0                __ieee754_sqrt
 *fill*         0x000000000800c2f6        0x2 
 .text.__ieee754_acosf
                0x000000000800c2f8      0x1f4 c:/st/stm32cubeide_1.7.0/stm32cubeide/plugins/com.st.stm32cube.ide.mcu.externaltools.gnu-tools-for-stm32.9-2020-q2-update.win32_2.0.0.202105311346/tools/bin/../lib/gcc/arm-none-eabi/9.3.1/../../../../arm-none-eabi/lib/thumb/v7e-m+dp/hard\libm.a(lib_a-ef_acos.o)
                0x000000000800c2f8                __ieee754_acosf
 .text.__ieee754_sqrtf
                0x000000000800c4ec        0x6 c:/st/stm32cubeide_1.7.0/stm32cubeide/plugins/com.st.stm32cube.ide.mcu.externaltools.gnu-tools-for-stm32.9-2020-q2-update.win32_2.0.0.202105311346/tools/bin/../lib/gcc/arm-none-eabi/9.3.1/../../../../arm-none-eabi/lib/thumb/v7e-m+dp/hard\libm.a(lib_a-ef_sqrt.o)
                0x000000000800c4ec                __ieee754_sqrtf
 *fill*         0x000000000800c4f2        0x6 
 .text.__kernel_cos
                0x000000000800c4f8       0xd8 c:/st/stm32cubeide_1.7.0/stm32cubeide/plugins/com.st.stm32cube.ide.mcu.externaltools.gnu-tools-for-stm32.9-2020-q2-update.win32_2.0.0.202105311346/tools/bin/../lib/gcc/arm-none-eabi/9.3.1/../../../../arm-none-eabi/lib/thumb/v7e-m+dp/hard\libm.a(lib_a-k_cos.o)
                0x000000000800c4f8                __kernel_cos
 .text.__kernel_rem_pio2
                0x000000000800c5d0      0x500 c:/st/stm32cubeide_1.7.0/stm32cubeide/plugins/com.st.stm32cube.ide.mcu.externaltools.gnu-tools-for-stm32.9-2020-q2-update.win32_2.0.0.202105311346/tools/bin/../lib/gcc/arm-none-eabi/9.3.1/../../../../arm-none-eabi/lib/thumb/v7e-m+dp/hard\libm.a(lib_a-k_rem_pio2.o)
                0x000000000800c5d0                __kernel_rem_pio2
 .text.__kernel_sin
                0x000000000800cad0       0xb0 c:/st/stm32cubeide_1.7.0/stm32cubeide/plugins/com.st.stm32cube.ide.mcu.externaltools.gnu-tools-for-stm32.9-2020-q2-update.win32_2.0.0.202105311346/tools/bin/../lib/gcc/arm-none-eabi/9.3.1/../../../../arm-none-eabi/lib/thumb/v7e-m+dp/hard\libm.a(lib_a-k_sin.o)
                0x000000000800cad0                __kernel_sin
 .text.log      0x000000000800cb80      0x234 c:/st/stm32cubeide_1.7.0/stm32cubeide/plugins/com.st.stm32cube.ide.mcu.externaltools.gnu-tools-for-stm32.9-2020-q2-update.win32_2.0.0.202105311346/tools/bin/../lib/gcc/arm-none-eabi/9.3.1/../../../../arm-none-eabi/lib/thumb/v7e-m+dp/hard\libm.a(lib_a-log.o)
                0x000000000800cb80                log
 .text.with_errno
                0x000000000800cdb4       0x16 c:/st/stm32cubeide_1.7.0/stm32cubeide/plugins/com.st.stm32cube.ide.mcu.externaltools.gnu-tools-for-stm32.9-2020-q2-update.win32_2.0.0.202105311346/tools/bin/../lib/gcc/arm-none-eabi/9.3.1/../../../../arm-none-eabi/lib/thumb/v7e-m+dp/hard\libm.a(lib_a-math_err.o)
 .text.xflow    0x000000000800cdca       0x22 c:/st/stm32cubeide_1.7.0/stm32cubeide/plugins/com.st.stm32cube.ide.mcu.externaltools.gnu-tools-for-stm32.9-2020-q2-update.win32_2.0.0.202105311346/tools/bin/../lib/gcc/arm-none-eabi/9.3.1/../../../../arm-none-eabi/lib/thumb/v7e-m+dp/hard\libm.a(lib_a-math_err.o)
 *fill*         0x000000000800cdec        0x4 
 .text.__math_uflow
                0x000000000800cdf0       0x10 c:/st/stm32cubeide_1.7.0/stm32cubeide/plugins/com.st.stm32cube.ide.mcu.externaltools.gnu-tools-for-stm32.9-2020-q2-update.win32_2.0.0.202105311346/tools/bin/../lib/gcc/arm-none-eabi/9.3.1/../../../../arm-none-eabi/lib/thumb/v7e-m+dp/hard\libm.a(lib_a-math_err.o)
                0x000000000800cdf0                __math_uflow
 .text.__math_oflow
                0x000000000800ce00       0x10 c:/st/stm32cubeide_1.7.0/stm32cubeide/plugins/com.st.stm32cube.ide.mcu.externaltools.gnu-tools-for-stm32.9-2020-q2-update.win32_2.0.0.202105311346/tools/bin/../lib/gcc/arm-none-eabi/9.3.1/../../../../arm-none-eabi/lib/thumb/v7e-m+dp/hard\libm.a(lib_a-math_err.o)
                0x000000000800ce00                __math_oflow
 .text.__math_divzero
                0x000000000800ce10       0x30 c:/st/stm32cubeide_1.7.0/stm32cubeide/plugins/com.st.stm32cube.ide.mcu.externaltools.gnu-tools-for-stm32.9-2020-q2-update.win32_2.0.0.202105311346/tools/bin/../lib/gcc/arm-none-eabi/9.3.1/../../../../arm-none-eabi/lib/thumb/v7e-m+dp/hard\libm.a(lib_a-math_err.o)
                0x000000000800ce10                __math_divzero
 .text.__math_invalid
                0x000000000800ce40       0x1e c:/st/stm32cubeide_1.7.0/stm32cubeide/plugins/com.st.stm32cube.ide.mcu.externaltools.gnu-tools-for-stm32.9-2020-q2-update.win32_2.0.0.202105311346/tools/bin/../lib/gcc/arm-none-eabi/9.3.1/../../../../arm-none-eabi/lib/thumb/v7e-m+dp/hard\libm.a(lib_a-math_err.o)
                0x000000000800ce40                __math_invalid
 .text.__math_check_uflow
                0x000000000800ce5e       0x12 c:/st/stm32cubeide_1.7.0/stm32cubeide/plugins/com.st.stm32cube.ide.mcu.externaltools.gnu-tools-for-stm32.9-2020-q2-update.win32_2.0.0.202105311346/tools/bin/../lib/gcc/arm-none-eabi/9.3.1/../../../../arm-none-eabi/lib/thumb/v7e-m+dp/hard\libm.a(lib_a-math_err.o)
                0x000000000800ce5e                __math_check_uflow
 .text.__math_check_oflow
                0x000000000800ce70       0x28 c:/st/stm32cubeide_1.7.0/stm32cubeide/plugins/com.st.stm32cube.ide.mcu.externaltools.gnu-tools-for-stm32.9-2020-q2-update.win32_2.0.0.202105311346/tools/bin/../lib/gcc/arm-none-eabi/9.3.1/../../../../arm-none-eabi/lib/thumb/v7e-m+dp/hard\libm.a(lib_a-math_err.o)
                0x000000000800ce70                __math_check_oflow
 .text.fabs     0x000000000800ce98       0x12 c:/st/stm32cubeide_1.7.0/stm32cubeide/plugins/com.st.stm32cube.ide.mcu.externaltools.gnu-tools-for-stm32.9-2020-q2-update.win32_2.0.0.202105311346/tools/bin/../lib/gcc/arm-none-eabi/9.3.1/../../../../arm-none-eabi/lib/thumb/v7e-m+dp/hard\libm.a(lib_a-s_fabs.o)
                0x000000000800ce98                fabs
 *fill*         0x000000000800ceaa        0x6 
 .text.floor    0x000000000800ceb0       0xe8 c:/st/stm32cubeide_1.7.0/stm32cubeide/plugins/com.st.stm32cube.ide.mcu.externaltools.gnu-tools-for-stm32.9-2020-q2-update.win32_2.0.0.202105311346/tools/bin/../lib/gcc/arm-none-eabi/9.3.1/../../../../arm-none-eabi/lib/thumb/v7e-m+dp/hard\libm.a(lib_a-s_floor.o)
                0x000000000800ceb0                floor
 .text.nan      0x000000000800cf98       0x10 c:/st/stm32cubeide_1.7.0/stm32cubeide/plugins/com.st.stm32cube.ide.mcu.externaltools.gnu-tools-for-stm32.9-2020-q2-update.win32_2.0.0.202105311346/tools/bin/../lib/gcc/arm-none-eabi/9.3.1/../../../../arm-none-eabi/lib/thumb/v7e-m+dp/hard\libm.a(lib_a-s_nan.o)
                0x000000000800cf98                nan
 .text.scalbn   0x000000000800cfa8      0x124 c:/st/stm32cubeide_1.7.0/stm32cubeide/plugins/com.st.stm32cube.ide.mcu.externaltools.gnu-tools-for-stm32.9-2020-q2-update.win32_2.0.0.202105311346/tools/bin/../lib/gcc/arm-none-eabi/9.3.1/../../../../arm-none-eabi/lib/thumb/v7e-m+dp/hard\libm.a(lib_a-s_scalbn.o)
                0x000000000800cfa8                scalbn
 .text.fabsf    0x000000000800d0cc        0xe c:/st/stm32cubeide_1.7.0/stm32cubeide/plugins/com.st.stm32cube.ide.mcu.externaltools.gnu-tools-for-stm32.9-2020-q2-update.win32_2.0.0.202105311346/tools/bin/../lib/gcc/arm-none-eabi/9.3.1/../../../../arm-none-eabi/lib/thumb/v7e-m+dp/hard\libm.a(lib_a-sf_fabs.o)
                0x000000000800d0cc                fabsf
 *fill*         0x000000000800d0da        0x2 
 .text.nanf     0x000000000800d0dc        0xc c:/st/stm32cubeide_1.7.0/stm32cubeide/plugins/com.st.stm32cube.ide.mcu.externaltools.gnu-tools-for-stm32.9-2020-q2-update.win32_2.0.0.202105311346/tools/bin/../lib/gcc/arm-none-eabi/9.3.1/../../../../arm-none-eabi/lib/thumb/v7e-m+dp/hard\libm.a(lib_a-sf_nan.o)
                0x000000000800d0dc                nanf
 *(.glue_7)
 .glue_7        0x000000000800d0e8        0x0 linker stubs
 *(.glue_7t)
 .glue_7t       0x000000000800d0e8        0x0 linker stubs
 *(.eh_frame)
 .eh_frame      0x000000000800d0e8        0x0 c:/st/stm32cubeide_1.7.0/stm32cubeide/plugins/com.st.stm32cube.ide.mcu.externaltools.gnu-tools-for-stm32.9-2020-q2-update.win32_2.0.0.202105311346/tools/bin/../lib/gcc/arm-none-eabi/9.3.1/thumb/v7e-m+dp/hard/crtbegin.o
 *(.init)
 .init          0x000000000800d0e8        0x4 c:/st/stm32cubeide_1.7.0/stm32cubeide/plugins/com.st.stm32cube.ide.mcu.externaltools.gnu-tools-for-stm32.9-2020-q2-update.win32_2.0.0.202105311346/tools/bin/../lib/gcc/arm-none-eabi/9.3.1/thumb/v7e-m+dp/hard/crti.o
                0x000000000800d0e8                _init
 .init          0x000000000800d0ec        0x8 c:/st/stm32cubeide_1.7.0/stm32cubeide/plugins/com.st.stm32cube.ide.mcu.externaltools.gnu-tools-for-stm32.9-2020-q2-update.win32_2.0.0.202105311346/tools/bin/../lib/gcc/arm-none-eabi/9.3.1/thumb/v7e-m+dp/hard/crtn.o
 *(.fini)
 .fini          0x000000000800d0f4        0x4 c:/st/stm32cubeide_1.7.0/stm32cubeide/plugins/com.st.stm32cube.ide.mcu.externaltools.gnu-tools-for-stm32.9-2020-q2-update.win32_2.0.0.202105311346/tools/bin/../lib/gcc/arm-none-eabi/9.3.1/thumb/v7e-m+dp/hard/crti.o
                0x000000000800d0f4                _fini
 .fini          0x000000000800d0f8        0x8 c:/st/stm32cubeide_1.7.0/stm32cubeide/plugins/com.st.stm32cube.ide.mcu.externaltools.gnu-tools-for-stm32.9-2020-q2-update.win32_2.0.0.202105311346/tools/bin/../lib/gcc/arm-none-eabi/9.3.1/thumb/v7e-m+dp/hard/crtn.o
                0x000000000800d100                . = ALIGN (0x4)
                0x000000000800d100                _etext = .

.vfp11_veneer   0x000000000800d100        0x0
 .vfp11_veneer  0x000000000800d100        0x0 linker stubs

.v4_bx          0x000000000800d100        0x0
 .v4_bx         0x000000000800d100        0x0 linker stubs

.iplt           0x000000000800d100        0x0
 .iplt          0x000000000800d100        0x0 c:/st/stm32cubeide_1.7.0/stm32cubeide/plugins/com.st.stm32cube.ide.mcu.externaltools.gnu-tools-for-stm32.9-2020-q2-update.win32_2.0.0.202105311346/tools/bin/../lib/gcc/arm-none-eabi/9.3.1/thumb/v7e-m+dp/hard/crtbegin.o

.rodata         0x000000000800d100     0x2a80
                0x000000000800d100                . = ALIGN (0x4)
 *(.rodata)
 .rodata        0x000000000800d100        0x8 ./Core/Src/MatrixLibray.o
 .rodata        0x000000000800d108       0x52 ./Core/Src/MatrixStuff.o
 *(.rodata*)
 *fill*         0x000000000800d15a        0x2 
 .rodata.D1CorePrescTable
                0x000000000800d15c       0x10 ./Common/Src/system_stm32h7xx_dualcore_boot_cm4_cm7.o
                0x000000000800d15c                D1CorePrescTable
 .rodata.UARTPrescTable
                0x000000000800d16c       0x18 ./Drivers/STM32H7xx_HAL_Driver/stm32h7xx_hal_uart.o
                0x000000000800d16c                UARTPrescTable
 .rodata.numerator.11789
                0x000000000800d184        0x8 ./Drivers/STM32H7xx_HAL_Driver/stm32h7xx_hal_uart_ex.o
 .rodata.denominator.11790
                0x000000000800d18c        0x8 ./Drivers/STM32H7xx_HAL_Driver/stm32h7xx_hal_uart_ex.o
 .rodata._global_impure_ptr
                0x000000000800d194        0x4 c:/st/stm32cubeide_1.7.0/stm32cubeide/plugins/com.st.stm32cube.ide.mcu.externaltools.gnu-tools-for-stm32.9-2020-q2-update.win32_2.0.0.202105311346/tools/bin/../lib/gcc/arm-none-eabi/9.3.1/../../../../arm-none-eabi/lib/thumb/v7e-m+dp/hard\libc_nano.a(lib_a-impure.o)
                0x000000000800d194                _global_impure_ptr
 .rodata._printf_float.str1.1
                0x000000000800d198       0x12 c:/st/stm32cubeide_1.7.0/stm32cubeide/plugins/com.st.stm32cube.ide.mcu.externaltools.gnu-tools-for-stm32.9-2020-q2-update.win32_2.0.0.202105311346/tools/bin/../lib/gcc/arm-none-eabi/9.3.1/../../../../arm-none-eabi/lib/thumb/v7e-m+dp/hard\libc_nano.a(lib_a-nano-vfprintf_float.o)
 .rodata._printf_i.str1.1
                0x000000000800d1aa       0x22 c:/st/stm32cubeide_1.7.0/stm32cubeide/plugins/com.st.stm32cube.ide.mcu.externaltools.gnu-tools-for-stm32.9-2020-q2-update.win32_2.0.0.202105311346/tools/bin/../lib/gcc/arm-none-eabi/9.3.1/../../../../arm-none-eabi/lib/thumb/v7e-m+dp/hard\libc_nano.a(lib_a-nano-vfprintf_i.o)
 .rodata.srand.str1.1
                0x000000000800d1cc       0x76 c:/st/stm32cubeide_1.7.0/stm32cubeide/plugins/com.st.stm32cube.ide.mcu.externaltools.gnu-tools-for-stm32.9-2020-q2-update.win32_2.0.0.202105311346/tools/bin/../lib/gcc/arm-none-eabi/9.3.1/../../../../arm-none-eabi/lib/thumb/v7e-m+dp/hard\libc_nano.a(lib_a-rand.o)
 .rodata.__assert_func.str1.1
                0x000000000800d242       0x3c c:/st/stm32cubeide_1.7.0/stm32cubeide/plugins/com.st.stm32cube.ide.mcu.externaltools.gnu-tools-for-stm32.9-2020-q2-update.win32_2.0.0.202105311346/tools/bin/../lib/gcc/arm-none-eabi/9.3.1/../../../../arm-none-eabi/lib/thumb/v7e-m+dp/hard\libc_nano.a(lib_a-assert.o)
                                         0x3d (size before relaxing)
 .rodata._dtoa_r.str1.1
                0x000000000800d27e       0x7d c:/st/stm32cubeide_1.7.0/stm32cubeide/plugins/com.st.stm32cube.ide.mcu.externaltools.gnu-tools-for-stm32.9-2020-q2-update.win32_2.0.0.202105311346/tools/bin/../lib/gcc/arm-none-eabi/9.3.1/../../../../arm-none-eabi/lib/thumb/v7e-m+dp/hard\libc_nano.a(lib_a-dtoa.o)
                                         0x96 (size before relaxing)
 *fill*         0x000000000800d2fb        0x1 
 .rodata.__sf_fake_stderr